Component: ARM Compiler 5.05 update 1 (build 106) Tool: armlink [4d0efa]

==============================================================================

Section Cross References

    startup_stm32g474xx.o(STACK) refers (Special) to heapauxi.o(.text) for __use_two_region_memory
    startup_stm32g474xx.o(HEAP) refers (Special) to heapauxi.o(.text) for __use_two_region_memory
    startup_stm32g474xx.o(RESET) refers (Special) to heapauxi.o(.text) for __use_two_region_memory
    startup_stm32g474xx.o(RESET) refers to startup_stm32g474xx.o(STACK) for __initial_sp
    startup_stm32g474xx.o(RESET) refers to startup_stm32g474xx.o(.text) for Reset_Handler
    startup_stm32g474xx.o(RESET) refers to stm32g4xx_it.o(i.NMI_Handler) for NMI_Handler
    startup_stm32g474xx.o(RESET) refers to stm32g4xx_it.o(i.HardFault_Handler) for HardFault_Handler
    startup_stm32g474xx.o(RESET) refers to stm32g4xx_it.o(i.MemManage_Handler) for MemManage_Handler
    startup_stm32g474xx.o(RESET) refers to stm32g4xx_it.o(i.BusFault_Handler) for BusFault_Handler
    startup_stm32g474xx.o(RESET) refers to stm32g4xx_it.o(i.UsageFault_Handler) for UsageFault_Handler
    startup_stm32g474xx.o(RESET) refers to stm32g4xx_it.o(i.SVC_Handler) for SVC_Handler
    startup_stm32g474xx.o(RESET) refers to stm32g4xx_it.o(i.DebugMon_Handler) for DebugMon_Handler
    startup_stm32g474xx.o(RESET) refers to stm32g4xx_it.o(i.PendSV_Handler) for PendSV_Handler
    startup_stm32g474xx.o(RESET) refers to stm32g4xx_it.o(i.SysTick_Handler) for SysTick_Handler
    startup_stm32g474xx.o(RESET) refers to stm32g4xx_it.o(i.DMA1_Channel1_IRQHandler) for DMA1_Channel1_IRQHandler
    startup_stm32g474xx.o(RESET) refers to stm32g4xx_it.o(i.USART1_IRQHandler) for USART1_IRQHandler
    startup_stm32g474xx.o(.text) refers (Special) to heapauxi.o(.text) for __use_two_region_memory
    startup_stm32g474xx.o(.text) refers to system_stm32g4xx.o(i.SystemInit) for SystemInit
    startup_stm32g474xx.o(.text) refers to __main.o(!!!main) for __main
    startup_stm32g474xx.o(.text) refers to startup_stm32g474xx.o(HEAP) for Heap_Mem
    startup_stm32g474xx.o(.text) refers to startup_stm32g474xx.o(STACK) for Stack_Mem
    main.o(i.HAL_ADC_ConvCpltCallback) refers to data_handle.o(i.Data_handle) for Data_handle
    main.o(i.HAL_ADC_ConvCpltCallback) refers to data_handle.o(i.ADC_Get) for ADC_Get
    main.o(i.HAL_ADC_ConvCpltCallback) refers to adc.o(.bss) for hadc1
    main.o(i.SystemClock_Config) refers to rt_memclr_w.o(.text) for __aeabi_memclr4
    main.o(i.SystemClock_Config) refers to stm32g4xx_hal_pwr_ex.o(i.HAL_PWREx_ControlVoltageScaling) for HAL_PWREx_ControlVoltageScaling
    main.o(i.SystemClock_Config) refers to stm32g4xx_hal_rcc.o(i.HAL_RCC_OscConfig) for HAL_RCC_OscConfig
    main.o(i.SystemClock_Config) refers to stm32g4xx_hal_rcc.o(i.HAL_RCC_ClockConfig) for HAL_RCC_ClockConfig
    main.o(i.main) refers to stm32g4xx_hal.o(i.HAL_Init) for HAL_Init
    main.o(i.main) refers to main.o(i.SystemClock_Config) for SystemClock_Config
    main.o(i.main) refers to gpio.o(i.MX_GPIO_Init) for MX_GPIO_Init
    main.o(i.main) refers to dma.o(i.MX_DMA_Init) for MX_DMA_Init
    main.o(i.main) refers to usart.o(i.MX_USART1_UART_Init) for MX_USART1_UART_Init
    main.o(i.main) refers to adc.o(i.MX_ADC1_Init) for MX_ADC1_Init
    main.o(i.main) refers to adc.o(i.MX_ADC2_Init) for MX_ADC2_Init
    main.o(i.main) refers to tim.o(i.MX_TIM3_Init) for MX_TIM3_Init
    main.o(i.main) refers to delay.o(i.delay_init) for delay_init
    main.o(i.main) refers to myusart1.o(i.MyUSART1_Init) for MyUSART1_Init
    main.o(i.main) refers to oled_i2c.o(i.OLED_Init) for OLED_Init
    main.o(i.main) refers to oled_i2c.o(i.OLED_CLS) for OLED_CLS
    main.o(i.main) refers to data_handle.o(i.ADC_Init) for ADC_Init
    main.o(i.main) refers to usart.o(.bss) for huart1
    gpio.o(i.MX_GPIO_Init) refers to rt_memclr_w.o(.text) for __aeabi_memclr4
    gpio.o(i.MX_GPIO_Init) refers to stm32g4xx_hal_gpio.o(i.HAL_GPIO_WritePin) for HAL_GPIO_WritePin
    gpio.o(i.MX_GPIO_Init) refers to stm32g4xx_hal_gpio.o(i.HAL_GPIO_Init) for HAL_GPIO_Init
    adc.o(i.HAL_ADC_MspDeInit) refers to stm32g4xx_hal_gpio.o(i.HAL_GPIO_DeInit) for HAL_GPIO_DeInit
    adc.o(i.HAL_ADC_MspDeInit) refers to stm32g4xx_hal_dma.o(i.HAL_DMA_DeInit) for HAL_DMA_DeInit
    adc.o(i.HAL_ADC_MspDeInit) refers to adc.o(.data) for .data
    adc.o(i.HAL_ADC_MspInit) refers to rt_memclr_w.o(.text) for __aeabi_memclr4
    adc.o(i.HAL_ADC_MspInit) refers to stm32g4xx_hal_rcc_ex.o(i.HAL_RCCEx_PeriphCLKConfig) for HAL_RCCEx_PeriphCLKConfig
    adc.o(i.HAL_ADC_MspInit) refers to main.o(i.Error_Handler) for Error_Handler
    adc.o(i.HAL_ADC_MspInit) refers to stm32g4xx_hal_gpio.o(i.HAL_GPIO_Init) for HAL_GPIO_Init
    adc.o(i.HAL_ADC_MspInit) refers to stm32g4xx_hal_dma.o(i.HAL_DMA_Init) for HAL_DMA_Init
    adc.o(i.HAL_ADC_MspInit) refers to adc.o(.data) for .data
    adc.o(i.HAL_ADC_MspInit) refers to adc.o(.bss) for .bss
[...]
    aTodd                                    0x08007a00   Data          40  atan.o(.constdata)
    aTeven                                   0x08007a28   Data          48  atan.o(.constdata)
    .constdata                               0x08007a58   Section        8  qnan.o(.constdata)
    .constdata                               0x08007a60   Section      148  bigflt0.o(.constdata)
    tenpwrs_x                                0x08007a60   Data          60  bigflt0.o(.constdata)
    tenpwrs_i                                0x08007a9c   Data          64  bigflt0.o(.constdata)
    locale$$data                             0x08010314   Section       28  lc_numeric_c.o(locale$$data)
    __lcnum_c_name                           0x08010318   Data           2  lc_numeric_c.o(locale$$data)
    __lcnum_c_start                          0x08010320   Data           0  lc_numeric_c.o(locale$$data)
    __lcnum_c_point                          0x0801032c   Data           0  lc_numeric_c.o(locale$$data)
    __lcnum_c_thousands                      0x0801032e   Data           0  lc_numeric_c.o(locale$$data)
    __lcnum_c_grouping                       0x0801032f   Data           0  lc_numeric_c.o(locale$$data)
    __lcnum_c_end                            0x08010330   Data           0  lc_numeric_c.o(locale$$data)
    .data                                    0x20000000   Section        4  adc.o(.data)
    HAL_RCC_ADC12_CLK_ENABLED                0x20000000   Data           4  adc.o(.data)
    .data                                    0x20000004   Section       12  stm32g4xx_hal.o(.data)
    .data                                    0x20000010   Section        4  system_stm32g4xx.o(.data)
    .data                                    0x20000014   Section        2  delay.o(.data)
    sysClkFreq                               0x20000014   Data           2  delay.o(.data)
    .data                                    0x20000016   Section      547  oled_i2c.o(.data)
    .data                                    0x2000023c   Section       12  myusart1.o(.data)
    .bss                                     0x20000248   Section      312  adc.o(.bss)
    .bss                                     0x20000380   Section       76  tim.o(.bss)
    .bss                                     0x200003cc   Section      144  usart.o(.bss)
    .bss                                     0x2000045c   Section    24776  data_handle.o(.bss)
    .bss                                     0x20006524   Section      100  myusart1.o(.bss)
    .bss                                     0x20006588   Section       96  libspace.o(.bss)
    HEAP                                     0x200065e8   Section      512  startup_stm32g474xx.o(HEAP)
    Heap_Mem                                 0x200065e8   Data         512  startup_stm32g474xx.o(HEAP)
    STACK                                    0x200067e8   Section     1024  startup_stm32g474xx.o(STACK)
    Stack_Mem                                0x200067e8   Data        1024  startup_stm32g474xx.o(STACK)
    __initial_sp                             0x20006be8   Data           0  startup_stm32g474xx.o(STACK)

    Global Symbols

    Symbol Name                              Value     Ov Type        Size  Object(Section)

    BuildAttributes$$THM_ISAv4$E$P$D$K$B$S$7EM$VFPi3$EXTD16$VFPS$VFMA$PE$A:L22UL41UL21$X:L11$S22US41US21$IEEE1$IW$USESV6$~STKCKD$USESV7$~SHL$OTIME$ROPI$IEEEX$EBA8$UX$STANDARDLIB$REQ8$PRES8$EABIv2 0x00000000   Number         0  anon$$obj.o ABSOLUTE
    __ARM_use_no_argv                        0x00000000   Number         0  main.o ABSOLUTE
    _printf_flags                            0x00000000   Number         0  printf_stubs.o ABSOLUTE
    _printf_return_value                     0x00000000   Number         0  printf_stubs.o ABSOLUTE
    _printf_sizespec                         0x00000000   Number         0  printf_stubs.o ABSOLUTE
    _printf_widthprec                        0x00000000   Number         0  printf_stubs.o ABSOLUTE
    __ARM_exceptions_init                     - Undefined Weak Reference
    __alloca_initialize                       - Undefined Weak Reference
    __arm_preinit_                            - Undefined Weak Reference
    __cpp_initialize__aeabi_                  - Undefined Weak Reference
    __cxa_finalize                            - Undefined Weak Reference
    __sigvec_lookup                           - Undefined Weak Reference
    _atexit_init                              - Undefined Weak Reference
    _call_atexit_fns                          - Undefined Weak Reference
    _clock_init                               - Undefined Weak Reference
    _fp_trap_init                             - Undefined Weak Reference
    _fp_trap_shutdown                         - Undefined Weak Reference
    _get_lc_collate                           - Undefined Weak Reference
    _get_lc_ctype                             - Undefined Weak Reference
    _get_lc_monetary                          - Undefined Weak Reference
    _get_lc_time                              - Undefined Weak Reference
    _getenv_init                              - Undefined Weak Reference
    _handle_redirection                       - Undefined Weak Reference
    _init_alloc                               - Undefined Weak Reference
    _init_user_alloc                          - Undefined Weak Reference
    _initio                                   - Undefined Weak Reference
    _printf_post_padding                      - Undefined Weak Reference
    _printf_pre_padding                       - Undefined Weak Reference
    _rand_init                                - Undefined Weak Reference
    _signal_finish                            - Undefined Weak Reference
    _signal_init                              - Undefined Weak Reference
    _terminate_alloc                          - Undefined Weak Reference
    _terminate_user_alloc                     - Undefined Weak Reference
    _terminateio                              - Undefined Weak Reference
    __Vectors_Size                           0x000001d8   Number         0  startup_stm32g474xx.o ABSOLUTE
    __Vectors                                0x08000000   Data           4  startup_stm32g474xx.o(RESET)
    __Vectors_End                            0x080001d8   Data           0  startup_stm32g474xx.o(RESET)
    __main                                   0x080001d9   Thumb Code     8  __main.o(!!!main)
    __scatterload                            0x080001e1   Thumb Code     0  __scatter.o(!!!scatter)
    __scatterload_rt2                        0x080001e1   Thumb Code    44  __scatter.o(!!!scatter)
    __scatterload_rt2_thumb_only             0x080001e1   Thumb Code     0  __scatter.o(!!!scatter)
    __scatterload_null                       0x080001ef   Thumb Code     0  __scatter.o(!!!scatter)
    __decompress                             0x08000215   Thumb Code    90  __dczerorl2.o(!!dczerorl2)
    __decompress1                            0x08000215   Thumb Code     0  __dczerorl2.o(!!dczerorl2)
    __scatterload_zeroinit                   0x08000271   Thumb Code    28  __scatter_zi.o(!!handler_zi)
    _printf_f                                0x0800028d   Thumb Code     0  _printf_f.o(.ARM.Collect$$_printf_percent$$00000003)
    _printf_percent                          0x0800028d   Thumb Code     0  _printf_percent.o(.ARM.Collect$$_printf_percent$$00000000)
    _printf_percent_end                      0x08000293   Thumb Code     0  _printf_percent_end.o(.ARM.Collect$$_printf_percent$$00000017)
    __rt_lib_init                            0x08000297   Thumb Code     0  libinit.o(.ARM.Collect$$libinit$$00000000)
    __rt_lib_init_fp_1                       0x08000299   Thumb Code     0  libinit2.o(.ARM.Collect$$libinit$$00000001)
    __rt_lib_init_heap_1                     0x0800029d   Thumb Code     0  libinit2.o(.ARM.Collect$$libinit$$0000000A)
    __rt_lib_init_lc_common                  0x0800029d   Thumb Code     0  libinit2.o(.ARM.Collect$$libinit$$0000000F)
    __rt_lib_init_preinit_1                  0x0800029d   Thumb Code     0  libinit2.o(.ARM.Collect$$libinit$$00000004)
    __rt_lib_init_rand_1                     0x0800029d   Thumb Code     0  libinit2.o(.ARM.Collect$$libinit$$0000000E)
    __rt_lib_init_user_alloc_1               0x0800029d   Thumb Code     0  libinit2.o(.ARM.Collect$$libinit$$0000000C)
    __rt_lib_init_lc_collate_1               0x080002a3   Thumb Code     0  libinit2.o(.ARM.Collect$$libinit$$00000011)
    __rt_lib_init_lc_ctype_1                 0x080002a3   Thumb Code     0  libinit2.o(.ARM.Collect$$libinit$$00000013)
    __rt_lib_init_lc_monetary_1              0x080002a3   Thumb Code     0  libinit2.o(.ARM.Collect$$libinit$$00000015)
    __rt_lib_init_lc_numeric_2               0x080002a3   Thumb Code     0  libinit2.o(.ARM.Collect$$libinit$$00000016)
    __rt_lib_init_alloca_1                   0x080002ad   Thumb Code     0  libinit2.o(.ARM.Collect$$libinit$$0000002E)
    __rt_lib_init_argv_1                     0x080002ad   Thumb Code     0  libinit2.o(.ARM.Collect$$libinit$$0000002C)
    __rt_lib_init_atexit_1                   0x080002ad   Thumb Code     0  libinit2.o(.ARM.Collect$$libinit$$0000001B)
    __rt_lib_init_clock_1                    0x080002ad   Thumb Code     0  libinit2.o(.ARM.Collect$$libinit$$00000021)
    __rt_lib_init_cpp_1                      0x080002ad   Thumb Code     0  libinit2.o(.ARM.Collect$$libinit$$00000032)
    __rt_lib_init_exceptions_1               0x080002ad   Thumb Code     0  libinit2.o(.ARM.Collect$$libinit$$00000030)
    __rt_lib_init_fp_trap_1                  0x080002ad   Thumb Code     0  libinit2.o(.ARM.Collect$$libinit$$0000001F)
    __rt_lib_init_getenv_1                   0x080002ad   Thumb Code     0  libinit2.o(.ARM.Collect$$libinit$$00000023)
    __rt_lib_init_lc_numeric_1               0x080002ad   Thumb Code     0  libinit2.o(.ARM.Collect$$libinit$$00000017)
    __rt_lib_init_lc_time_1                  0x080002ad   Thumb Code     0  libinit2.o(.ARM.Collect$$libinit$$00000019)
    __rt_lib_init_return                     0x080002ad   Thumb Code     0  libinit2.o(.ARM.Collect$$libinit$$00000033)
    __rt_lib_init_signal_1                   0x080002ad   Thumb Code     0  libinit2.o(.ARM.Collect$$libinit$$0000001D)
    __rt_lib_init_stdio_1                    0x080002ad   Thumb Code     0  libinit2.o(.ARM.Collect$$libinit$$00000025)
    __rt_lib_shutdown                        0x080002af   Thumb Code     0  libshutdown.o(.ARM.Collect$$libshutdown$$00000000)
    __rt_lib_shutdown_fp_trap_1              0x080002b1   Thumb Code     0  libshutdown2.o(.ARM.Collect$$libshutdown$$00000006)
    __rt_lib_shutdown_heap_1                 0x080002b1   Thumb Code     0  libshutdown2.o(.ARM.Collect$$libshutdown$$0000000E)
    __rt_lib_shutdown_return                 0x080002b1   Thumb Code     0  libshutdown2.o(.ARM.Collect$$libshutdown$$0000000F)
    __rt_lib_shutdown_signal_1               0x080002b1   Thumb Code     0  libshutdown2.o(.ARM.Collect$$libshutdown$$00000009)
    __rt_lib_shutdown_stdio_1                0x080002b1   Thumb Code     0  libshutdown2.o(.ARM.Collect$$libshutdown$$00000003)
    __rt_lib_shutdown_user_alloc_1           0x080002b1   Thumb Code     0  libshutdown2.o(.ARM.Collect$$libshutdown$$0000000B)
    __rt_entry                               0x080002b3   Thumb Code     0  __rtentry.o(.ARM.Collect$$rtentry$$00000000)
    __rt_entry_presh_1                       0x080002b3   Thumb Code     0  __rtentry2.o(.ARM.Collect$$rtentry$$00000002)
    __rt_entry_sh                            0x080002b3   Thumb Code     0  __rtentry4.o(.ARM.Collect$$rtentry$$00000004)
    __rt_entry_li                            0x080002b9   Thumb Code     0  __rtentry2.o(.ARM.Collect$$rtentry$$0000000A)
    __rt_entry_postsh_1                      0x080002b9   Thumb Code     0  __rtentry2.o(.ARM.Collect$$rtentry$$00000009)
    __rt_entry_main                          0x080002bd   Thumb Code     0  __rtentry2.o(.ARM.Collect$$rtentry$$0000000D)
    __rt_entry_postli_1                      0x080002bd   Thumb Code     0  __rtentry2.o(.ARM.Collect$$rtentry$$0000000C)
    __rt_exit                                0x080002c5   Thumb Code     0  rtexit.o(.ARM.Collect$$rtexit$$00000000)
    __rt_exit_ls                             0x080002c7   Thumb Code     0  rtexit2.o(.ARM.Collect$$rtexit$$00000003)
    __rt_exit_prels_1                        0x080002c7   Thumb Code     0  rtexit2.o(.ARM.Collect$$rtexit$$00000002)
    __rt_exit_exit                           0x080002cb   Thumb Code     0  rtexit2.o(.ARM.Collect$$rtexit$$00000004)
    Reset_Handler                            0x080002d1   Thumb Code     8  startup_stm32g474xx.o(.text)
    ADC1_2_IRQHandler                        0x080002eb   Thumb Code     0  startup_stm32g474xx.o(.text)
    ADC3_IRQHandler                          0x080002eb   Thumb Code     0  startup_stm32g474xx.o(.text)
    ADC4_IRQHandler                          0x080002eb   Thumb Code     0  startup_stm32g474xx.o(.text)
    ADC5_IRQHandler                          0x080002eb   Thumb Code     0  startup_stm32g474xx.o(.text)
    COMP1_2_3_IRQHandler                     0x080002eb   Thumb Code     0  startup_stm32g474xx.o(.text)
    COMP4_5_6_IRQHandler                     0x080002eb   Thumb Code     0  startup_stm32g474xx.o(.text)
    COMP7_IRQHandler                         0x080002eb   Thumb Code     0  startup_stm32g474xx.o(.text)
    CORDIC_IRQHandler                        0x080002eb   Thumb Code     0  startup_stm32g474xx.o(.text)
    CRS_IRQHandler                           0x080002eb   Thumb Code     0  startup_stm32g474xx.o(.text)
    DMA1_Channel2_IRQHandler                 0x080002eb   Thumb Code     0  startup_stm32g474xx.o(.text)
    DMA1_Channel3_IRQHandler                 0x080002eb   Thumb Code     0  startup_stm32g474xx.o(.text)
    DMA1_Channel4_IRQHandler                 0x080002eb   Thumb Code     0  startup_stm32g474xx.o(.text)
    DMA1_Channel5_IRQHandler                 0x080002eb   Thumb Code     0  startup_stm32g474xx.o(.text)
    DMA1_Channel6_IRQHandler                 0x080002eb   Thumb Code     0  startup_stm32g474xx.o(.text)
    DMA1_Channel7_IRQHandler                 0x080002eb   Thumb Code     0  startup_stm32g474xx.o(.text)
    DMA1_Channel8_IRQHandler                 0x080002eb   Thumb Code     0  startup_stm32g474xx.o(.text)
    DMA2_Channel1_IRQHandler                 0x080002eb   Thumb Code     0  startup_stm32g474xx.o(.text)
    DMA2_Channel2_IRQHandler                 0x080002eb   Thumb Code     0  startup_stm32g474xx.o(.text)
    DMA2_Channel3_IRQHandler                 0x080002eb   Thumb Code     0  startup_stm32g474xx.o(.text)
    DMA2_Channel4_IRQHandler                 0x080002eb   Thumb Code     0  startup_stm32g474xx.o(.text)
    DMA2_Channel5_IRQHandler                 0x080002eb   Thumb Code     0  startup_stm32g474xx.o(.text)
    DMA2_Channel6_IRQHandler                 0x080002eb   Thumb Code     0  startup_stm32g474xx.o(.text)
    DMA2_Channel7_IRQHandler                 0x080002eb   Thumb Code     0  startup_stm32g474xx.o(.text)
    DMA2_Channel8_IRQHandler                 0x080002eb   Thumb Code     0  startup_stm32g474xx.o(.text)
    DMAMUX_OVR_IRQHandler                    0x080002eb   Thumb Code     0  startup_stm32g474xx.o(.text)
    EXTI0_IRQHandler                         0x080002eb   Thumb Code     0  startup_stm32g474xx.o(.text)
    EXTI15_10_IRQHandler                     0x080002eb   Thumb Code     0  startup_stm32g474xx.o(.text)
    EXTI1_IRQHandler                         0x080002eb   Thumb Code     0  startup_stm32g474xx.o(.text)
    EXTI2_IRQHandler                         0x080002eb   Thumb Code     0  startup_stm32g474xx.o(.text)
    EXTI3_IRQHandler                         0x080002eb   Thumb Code     0  startup_stm32g474xx.o(.text)
    EXTI4_IRQHandler                         0x080002eb   Thumb Code     0  startup_stm32g474xx.o(.text)
    EXTI9_5_IRQHandler                       0x080002eb   Thumb Code     0  startup_stm32g474xx.o(.text)
    FDCAN1_IT0_IRQHandler                    0x080002eb   Thumb Code     0  startup_stm32g474xx.o(.text)
    FDCAN1_IT1_IRQHandler                    0x080002eb   Thumb Code     0  startup_stm32g474xx.o(.text)
    FDCAN2_IT0_IRQHandler                    0x080002eb   Thumb Code     0  startup_stm32g474xx.o(.text)
    FDCAN2_IT1_IRQHandler                    0x080002eb   Thumb Code     0  startup_stm32g474xx.o(.text)
    FDCAN3_IT0_IRQHandler                    0x080002eb   Thumb Code     0  startup_stm32g474xx.o(.text)
    FDCAN3_IT1_IRQHandler                    0x080002eb   Thumb Code     0  startup_stm32g474xx.o(.text)
    FLASH_IRQHandler                         0x080002eb   Thumb Code     0  startup_stm32g474xx.o(.text)
    FMAC_IRQHandler                          0x080002eb   Thumb Code     0  startup_stm32g474xx.o(.text)
    FMC_IRQHandler                           0x080002eb   Thumb Code     0  startup_stm32g474xx.o(.text)
    FPU_IRQHandler                           0x080002eb   Thumb Code     0  startup_stm32g474xx.o(.text)
    HRTIM1_FLT_IRQHandler                    0x080002eb   Thumb Code     0  startup_stm32g474xx.o(.text)
    HRTIM1_Master_IRQHandler                 0x080002eb   Thumb Code     0  startup_stm32g474xx.o(.text)
    HRTIM1_TIMA_IRQHandler                   0x080002eb   Thumb Code     0  startup_stm32g474xx.o(.text)
    HRTIM1_TIMB_IRQHandler                   0x080002eb   Thumb Code     0  startup_stm32g474xx.o(.text)
    HRTIM1_TIMC_IRQHandler                   0x080002eb   Thumb Code     0  startup_stm32g474xx.o(.text)
    HRTIM1_TIMD_IRQHandler                   0x080002eb   Thumb Code     0  startup_stm32g474xx.o(.text)
    HRTIM1_TIME_IRQHandler                   0x080002eb   Thumb Code     0  startup_stm32g474xx.o(.text)
    HRTIM1_TIMF_IRQHandler                   0x080002eb   Thumb Code     0  startup_stm32g474xx.o(.text)
    I2C1_ER_IRQHandler                       0x080002eb   Thumb Code     0  startup_stm32g474xx.o(.text)
    I2C1_EV_IRQHandler                       0x080002eb   Thumb Code     0  startup_stm32g474xx.o(.text)
    I2C2_ER_IRQHandler                       0x080002eb   Thumb Code     0  startup_stm32g474xx.o(.text)
    I2C2_EV_IRQHandler                       0x080002eb   Thumb Code     0  startup_stm32g474xx.o(.text)
    I2C3_ER_IRQHandler                       0x080002eb   Thumb Code     0  startup_stm32g474xx.o(.text)
    I2C3_EV_IRQHandler                       0x080002eb   Thumb Code     0  startup_stm32g474xx.o(.text)
    I2C4_ER_IRQHandler                       0x080002eb   Thumb Code     0  startup_stm32g474xx.o(.text)
    I2C4_EV_IRQHandler                       0x080002eb   Thumb Code     0  startup_stm32g474xx.o(.text)
    LPTIM1_IRQHandler                        0x080002eb   Thumb Code     0  startup_stm32g474xx.o(.text)
    LPUART1_IRQHandler                       0x080002eb   Thumb Code     0  startup_stm32g474xx.o(.text)
    PVD_PVM_IRQHandler                       0x080002eb   Thumb Code     0  startup_stm32g474xx.o(.text)
    QUADSPI_IRQHandler                       0x080002eb   Thumb Code     0  startup_stm32g474xx.o(.text)
    RCC_IRQHandler                           0x080002eb   Thumb Code     0  startup_stm32g474xx.o(.text)
    RNG_IRQHandler                           0x080002eb   Thumb Code     0  startup_stm32g474xx.o(.text)
    RTC_Alarm_IRQHandler                     0x080002eb   Thumb Code     0  startup_stm32g474xx.o(.text)
    RTC_TAMP_LSECSS_IRQHandler               0x080002eb   Thumb Code     0  startup_stm32g474xx.o(.text)
    RTC_WKUP_IRQHandler                      0x080002eb   Thumb Code     0  startup_stm32g474xx.o(.text)
    SAI1_IRQHandler                          0x080002eb   Thumb Code     0  startup_stm32g474xx.o(.text)
    SPI1_IRQHandler                          0x080002eb   Thumb Code     0  startup_stm32g474xx.o(.text)
    SPI2_IRQHandler                          0x080002eb   Thumb Code     0  startup_stm32g474xx.o(.text)
    SPI3_IRQHandler                          0x080002eb   Thumb Code     0  startup_stm32g474xx.o(.text)
    SPI4_IRQHandler                          0x080002eb   Thumb Code     0  startup_stm32g474xx.o(.text)
    TIM1_BRK_TIM15_IRQHandler                0x080002eb   Thumb Code     0  startup_stm32g474xx.o(.text)
    TIM1_CC_IRQHandler                       0x080002eb   Thumb Code     0  startup_stm32g474xx.o(.text)
    TIM1_TRG_COM_TIM17_IRQHandler            0x080002eb   Thumb Code     0  startup_stm32g474xx.o(.text)
    TIM1_UP_TIM16_IRQHandler                 0x080002eb   Thumb Code     0  startup_stm32g474xx.o(.text)
    TIM20_BRK_IRQHandler                     0x080002eb   Thumb Code     0  startup_stm32g474xx.o(.text)
    TIM20_CC_IRQHandler                      0x080002eb   Thumb Code     0  startup_stm32g474xx.o(.text)
    TIM20_TRG_COM_IRQHandler                 0x080002eb   Thumb Code     0  startup_stm32g474xx.o(.text)
    TIM20_UP_IRQHandler                      0x080002eb   Thumb Code     0  startup_stm32g474xx.o(.text)
    TIM2_IRQHandler                          0x080002eb   Thumb Code     0  startup_stm32g474xx.o(.text)
    TIM3_IRQHandler                          0x080002eb   Thumb Code     0  startup_stm32g474xx.o(.text)
    TIM4_IRQHandler                          0x080002eb   Thumb Code     0  startup_stm32g474xx.o(.text)
    TIM5_IRQHandler                          0x080002eb   Thumb Code     0  startup_stm32g474xx.o(.text)
    TIM6_DAC_IRQHandler                      0x080002eb   Thumb Code     0  startup_stm32g474xx.o(.text)
    TIM7_DAC_IRQHandler                      0x080002eb   Thumb Code     0  startup_stm32g474xx.o(.text)
    TIM8_BRK_IRQHandler                      0x080002eb   Thumb Code     0  startup_stm32g474xx.o(.text)
    TIM8_CC_IRQHandler                       0x080002eb   Thumb Code     0  startup_stm32g474xx.o(.text)
    TIM8_TRG_COM_IRQHandler                  0x080002eb   Thumb Code     0  startup_stm32g474xx.o(.text)
    TIM8_UP_IRQHandler                       0x080002eb   Thumb Code     0  startup_stm32g474xx.o(.text)
    UART4_IRQHandler                         0x080002eb   Thumb Code     0  startup_stm32g474xx.o(.text)
    UART5_IRQHandler                         0x080002eb   Thumb Code     0  startup_stm32g474xx.o(.text)
    UCPD1_IRQHandler                         0x080002eb   Thumb Code     0  startup_stm32g474xx.o(.text)
    USART2_IRQHandler                        0x080002eb   Thumb Code     0  startup_stm32g474xx.o(.text)
    USART3_IRQHandler                        0x080002eb   Thumb Code     0  startup_stm32g474xx.o(.text)
    USBWakeUp_IRQHandler                     0x080002eb   Thumb Code     0  startup_stm32g474xx.o(.text)
    USB_HP_IRQHandler                        0x080002eb   Thumb Code     0  startup_stm32g474xx.o(.text)
    USB_LP_IRQHandler                        0x080002eb   Thumb Code     0  startup_stm32g474xx.o(.text)
    WWDG_IRQHandler                          0x080002eb   Thumb Code     0  startup_stm32g474xx.o(.text)
    __user_initial_stackheap                 0x080002ed   Thumb Code     0  startup_stm32g474xx.o(.text)
    __aeabi_uldivmod                         0x08000311   Thumb Code     0  lludivv7m.o(.text)
    _ll_udiv                                 0x08000311   Thumb Code   238  lludivv7m.o(.text)
    __2sprintf                               0x08000401   Thumb Code    34  noretval__2sprintf.o(.text)
    __printf                                 0x08000429   Thumb Code   352  __printf_ss_wp.o(.text)
    strlen                                   0x08000589   Thumb Code    62  strlen.o(.text)
    __aeabi_memclr4                          0x080005c7   Thumb Code     0  rt_memclr_w.o(.text)
    __aeabi_memclr8                          0x080005c7   Thumb Code     0  rt_memclr_w.o(.text)
    __rt_memclr_w                            0x080005c7   Thumb Code    78  rt_memclr_w.o(.text)
    _memset_w                                0x080005cb   Thumb Code     0  rt_memclr_w.o(.text)
    __use_two_region_memory                  0x08000615   Thumb Code     2  heapauxi.o(.text)
    __rt_heap_escrow$2region                 0x08000617   Thumb Code     2  heapauxi.o(.text)
    __rt_heap_expand$2region                 0x08000619   Thumb Code     2  heapauxi.o(.text)
    __read_errno                             0x0800061b   Thumb Code    10  _rserrno.o(.text)
    __set_errno                              0x08000625   Thumb Code    12  _rserrno.o(.text)
    __lib_sel_fp_printf                      0x08000631   Thumb Code     2  _printf_fp_dec.o(.text)
    _printf_fp_dec_real                      0x080007df   Thumb Code   620  _printf_fp_dec.o(.text)
    _printf_char_common                      0x08000a57   Thumb Code    32  _printf_char_common.o(.text)
    _sputc                                   0x08000a7d   Thumb Code    10  _sputc.o(.text)
    __rt_locale                              0x08000a89   Thumb Code     8  rt_locale_intlibspace.o(.text)
    __aeabi_errno_addr                       0x08000a91   Thumb Code     8  rt_errno_addr_intlibspace.o(.text)
    __errno$intlibspace                      0x08000a91   Thumb Code     0  rt_errno_addr_intlibspace.o(.text)
    __rt_errno_addr$intlibspace              0x08000a91   Thumb Code     0  rt_errno_addr_intlibspace.o(.text)
    _ll_udiv10                               0x08000a99   Thumb Code   138  lludiv10.o(.text)
    _printf_fp_infnan                        0x08000b25   Thumb Code   112  _printf_fp_infnan.o(.text)
    _btod_etento                             0x08000ba5   Thumb Code   216  bigflt0.o(.text)
    __user_libspace                          0x08000c81   Thumb Code     8  libspace.o(.text)
    __user_perproc_libspace                  0x08000c81   Thumb Code     0  libspace.o(.text)
    __user_perthread_libspace                0x08000c81   Thumb Code     0  libspace.o(.text)
    __user_setup_stackheap                   0x08000c89   Thumb Code    74  sys_stackheap_outer.o(.text)
    exit                                     0x08000cd3   Thumb Code    12  exit.o(.text)
    strcmp                                   0x08000ce1   Thumb Code   128  strcmpv7m.o(.text)
    _sys_exit                                0x08000d61   Thumb Code     8  sys_exit.o(.text)
    __I$use$semihosting                      0x08000d6d   Thumb Code     0  use_no_semi.o(.text)
    __use_no_semihosting_swi                 0x08000d6d   Thumb Code     2  use_no_semi.o(.text)
    __semihosting_library_function           0x08000d6f   Thumb Code     0  indicate_semi.o(.text)
    arm_bitreversal_f32                      0x08000d71   Thumb Code   174  arm_bitreversal.o(.text.arm_bitreversal_f32)
    arm_cfft_radix4_f32                      0x08000e1f   Thumb Code    66  arm_cfft_radix4_f32.o(.text.arm_cfft_radix4_f32)
    arm_cfft_radix4_init_f32                 0x08000e61   Thumb Code   124  arm_cfft_radix4_init_f32.o(.text.arm_cfft_radix4_init_f32)
    arm_cmplx_mag_f32                        0x08000edd   Thumb Code   232  arm_cmplx_mag_f32.o(.text.arm_cmplx_mag_f32)
    arm_max_f32                              0x08000fc5   Thumb Code   288  arm_max_f32.o(.text.arm_max_f32)
    arm_radix4_butterfly_f32                 0x080010e5   Thumb Code  1384  arm_cfft_radix4_f32.o(.text.arm_radix4_butterfly_f32)
    arm_radix4_butterfly_inverse_f32         0x0800164d   Thumb Code  1434  arm_cfft_radix4_f32.o(.text.arm_radix4_butterfly_inverse_f32)
    _btod_d2e                                0x08001be7   Thumb Code    62  btod.o(CL$$btod_d2e)
    _d2e_denorm_low                          0x08001c25   Thumb Code    70  btod.o(CL$$btod_d2e_denorm_low)
    _d2e_norm_op1                            0x08001c6b   Thumb Code    96  btod.o(CL$$btod_d2e_norm_op1)
    __btod_div_common                        0x08001ccb   Thumb Code   696  btod.o(CL$$btod_div_common)
    _e2e                                     0x08002003   Thumb Code   198  btod.o(CL$$btod_e2e)
    _btod_ediv                               0x080020c9   Thumb Code    40  btod.o(CL$$btod_ediv)
    _btod_emul                               0x080020f1   Thumb Code    40  btod.o(CL$$btod_emul)
    __btod_mult_common                       0x08002119   Thumb Code   580  btod.o(CL$$btod_mult_common)
    ADC_DMAConvCplt                          0x0800235d   Thumb Code   104  stm32g4xx_hal_adc.o(i.ADC_DMAConvCplt)
    ADC_DMAError                             0x080023c5   Thumb Code    26  stm32g4xx_hal_adc.o(i.ADC_DMAError)
    ADC_DMAHalfConvCplt                      0x080023df   Thumb Code    10  stm32g4xx_hal_adc.o(i.ADC_DMAHalfConvCplt)
    ADC_Disable                              0x080023e9   Thumb Code   106  stm32g4xx_hal_adc.o(i.ADC_Disable)
    ADC_Enable                               0x08002459   Thumb Code   110  stm32g4xx_hal_adc.o(i.ADC_Enable)
    ADC_Get                                  0x080024cd   Thumb Code    34  data_handle.o(i.ADC_Get)
    ADC_Init                                 0x080024fd   Thumb Code    54  data_handle.o(i.ADC_Init)
    BusFault_Handler                         0x08002545   Thumb Code     2  stm32g4xx_it.o(i.BusFault_Handler)
    DMA1_Channel1_IRQHandler                 0x08002549   Thumb Code     6  stm32g4xx_it.o(i.DMA1_Channel1_IRQHandler)
    Data_handle                              0x080025f9   Thumb Code   888  data_handle.o(i.Data_handle)
    DebugMon_Handler                         0x080029a9   Thumb Code     2  stm32g4xx_it.o(i.DebugMon_Handler)
    Error_Handler                            0x080029ab   Thumb Code     4  main.o(i.Error_Handler)
    Fre_Control                              0x080029b1   Thumb Code   132  data_handle.o(i.Fre_Control)
    HAL_ADCEx_Calibration_Start              0x08002a41   Thumb Code   138  stm32g4xx_hal_adc_ex.o(i.HAL_ADCEx_Calibration_Start)
    HAL_ADCEx_MultiModeConfigChannel         0x08002ad5   Thumb Code   322  stm32g4xx_hal_adc_ex.o(i.HAL_ADCEx_MultiModeConfigChannel)
    HAL_ADCEx_MultiModeStart_DMA             0x08002c31   Thumb Code   210  stm32g4xx_hal_adc_ex.o(i.HAL_ADCEx_MultiModeStart_DMA)
    HAL_ADC_ConfigChannel                    0x08002d29   Thumb Code  1056  stm32g4xx_hal_adc.o(i.HAL_ADC_ConfigChannel)
    HAL_ADC_ConvCpltCallback                 0x08003185   Thumb Code    20  main.o(i.HAL_ADC_ConvCpltCallback)
    HAL_ADC_ConvHalfCpltCallback             0x0800319d   Thumb Code     2  stm32g4xx_hal_adc.o(i.HAL_ADC_ConvHalfCpltCallback)
    HAL_ADC_ErrorCallback                    0x0800319f   Thumb Code     2  stm32g4xx_hal_adc.o(i.HAL_ADC_ErrorCallback)
    HAL_ADC_Init                             0x080031a1   Thumb Code   520  stm32g4xx_hal_adc.o(i.HAL_ADC_Init)
    HAL_ADC_MspInit                          0x080033d9   Thumb Code   264  adc.o(i.HAL_ADC_MspInit)
    HAL_ADC_Start                            0x080034f5   Thumb Code   288  stm32g4xx_hal_adc.o(i.HAL_ADC_Start)
    HAL_DMA_Abort                            0x0800362d   Thumb Code   106  stm32g4xx_hal_dma.o(i.HAL_DMA_Abort)
    HAL_DMA_Abort_IT                         0x08003697   Thumb Code   120  stm32g4xx_hal_dma.o(i.HAL_DMA_Abort_IT)
    HAL_DMA_IRQHandler                       0x0800370f   Thumb Code   186  stm32g4xx_hal_dma.o(i.HAL_DMA_IRQHandler)
    HAL_DMA_Init                             0x080037c9   Thumb Code   178  stm32g4xx_hal_dma.o(i.HAL_DMA_Init)
    HAL_DMA_Start_IT                         0x08003889   Thumb Code   140  stm32g4xx_hal_dma.o(i.HAL_DMA_Start_IT)
    HAL_GPIO_Init                            0x08003915   Thumb Code   550  stm32g4xx_hal_gpio.o(i.HAL_GPIO_Init)
    HAL_GPIO_ReadPin                         0x08003b5d   Thumb Code    10  stm32g4xx_hal_gpio.o(i.HAL_GPIO_ReadPin)
    HAL_GPIO_WritePin                        0x08003b67   Thumb Code    10  stm32g4xx_hal_gpio.o(i.HAL_GPIO_WritePin)
    HAL_GetTick                              0x08003b71   Thumb Code     6  stm32g4xx_hal.o(i.HAL_GetTick)
    HAL_IncTick                              0x08003b7d   Thumb Code    12  stm32g4xx_hal.o(i.HAL_IncTick)
    HAL_Init                                 0x08003b8d   Thumb Code    30  stm32g4xx_hal.o(i.HAL_Init)
    HAL_InitTick                             0x08003bad   Thumb Code    58  stm32g4xx_hal.o(i.HAL_InitTick)
    HAL_MspInit                              0x08003bf1   Thumb Code    42  stm32g4xx_hal_msp.o(i.HAL_MspInit)
    HAL_NVIC_EnableIRQ                       0x08003c21   Thumb Code    26  stm32g4xx_hal_cortex.o(i.HAL_NVIC_EnableIRQ)
    HAL_NVIC_SetPriority                     0x08003c3d   Thumb Code    60  stm32g4xx_hal_cortex.o(i.HAL_NVIC_SetPriority)
    HAL_NVIC_SetPriorityGrouping             0x08003c7d   Thumb Code    26  stm32g4xx_hal_cortex.o(i.HAL_NVIC_SetPriorityGrouping)
    HAL_PWREx_ControlVoltageScaling          0x08003ca1   Thumb Code   174  stm32g4xx_hal_pwr_ex.o(i.HAL_PWREx_ControlVoltageScaling)
    HAL_PWREx_DisableUCPDDeadBattery         0x08003d5d   Thumb Code    12  stm32g4xx_hal_pwr_ex.o(i.HAL_PWREx_DisableUCPDDeadBattery)
    HAL_RCCEx_PeriphCLKConfig                0x08003d6d   Thumb Code   758  stm32g4xx_hal_rcc_ex.o(i.HAL_RCCEx_PeriphCLKConfig)
    HAL_RCC_ClockConfig                      0x0800406d   Thumb Code   444  stm32g4xx_hal_rcc.o(i.HAL_RCC_ClockConfig)
    HAL_RCC_GetPCLK1Freq                     0x08004249   Thumb Code    24  stm32g4xx_hal_rcc.o(i.HAL_RCC_GetPCLK1Freq)
    HAL_RCC_GetPCLK2Freq                     0x0800426d   Thumb Code    24  stm32g4xx_hal_rcc.o(i.HAL_RCC_GetPCLK2Freq)
    HAL_RCC_GetSysClockFreq                  0x08004291   Thumb Code    98  stm32g4xx_hal_rcc.o(i.HAL_RCC_GetSysClockFreq)
    HAL_RCC_OscConfig                        0x08004301   Thumb Code  1036  stm32g4xx_hal_rcc.o(i.HAL_RCC_OscConfig)
    HAL_SYSTICK_CLKSourceConfig              0x0800470d   Thumb Code    24  stm32g4xx_hal_cortex.o(i.HAL_SYSTICK_CLKSourceConfig)
    HAL_SYSTICK_Config                       0x08004725   Thumb Code    40  stm32g4xx_hal_cortex.o(i.HAL_SYSTICK_Config)
    HAL_TIMEx_MasterConfigSynchronization    0x0800474d   Thumb Code   150  stm32g4xx_hal_tim_ex.o(i.HAL_TIMEx_MasterConfigSynchronization)
    HAL_TIM_Base_Init                        0x08004805   Thumb Code    98  stm32g4xx_hal_tim.o(i.HAL_TIM_Base_Init)
    HAL_TIM_Base_MspInit                     0x08004869   Thumb Code    30  tim.o(i.HAL_TIM_Base_MspInit)
    HAL_TIM_Base_Start                       0x08004891   Thumb Code    96  stm32g4xx_hal_tim.o(i.HAL_TIM_Base_Start)
    HAL_TIM_ConfigClockSource                0x08004911   Thumb Code   234  stm32g4xx_hal_tim.o(i.HAL_TIM_ConfigClockSource)
    HAL_UARTEx_DisableFifoMode               0x08004a01   Thumb Code    62  stm32g4xx_hal_uart_ex.o(i.HAL_UARTEx_DisableFifoMode)
    HAL_UARTEx_RxEventCallback               0x08004a3f   Thumb Code     2  stm32g4xx_hal_uart.o(i.HAL_UARTEx_RxEventCallback)
    HAL_UARTEx_RxFifoFullCallback            0x08004a41   Thumb Code     2  stm32g4xx_hal_uart_ex.o(i.HAL_UARTEx_RxFifoFullCallback)
    HAL_UARTEx_SetRxFifoThreshold            0x08004a43   Thumb Code    76  stm32g4xx_hal_uart_ex.o(i.HAL_UARTEx_SetRxFifoThreshold)
    HAL_UARTEx_SetTxFifoThreshold            0x08004a8f   Thumb Code    76  stm32g4xx_hal_uart_ex.o(i.HAL_UARTEx_SetTxFifoThreshold)
    HAL_UARTEx_TxFifoEmptyCallback           0x08004adb   Thumb Code     2  stm32g4xx_hal_uart_ex.o(i.HAL_UARTEx_TxFifoEmptyCallback)
    HAL_UARTEx_WakeupCallback                0x08004add   Thumb Code     2  stm32g4xx_hal_uart_ex.o(i.HAL_UARTEx_WakeupCallback)
    HAL_UART_ErrorCallback                   0x08004adf   Thumb Code     2  stm32g4xx_hal_uart.o(i.HAL_UART_ErrorCallback)
    HAL_UART_IRQHandler                      0x08004ae1   Thumb Code   722  stm32g4xx_hal_uart.o(i.HAL_UART_IRQHandler)
    HAL_UART_Init                            0x08004dc1   Thumb Code   106  stm32g4xx_hal_uart.o(i.HAL_UART_Init)
    HAL_UART_MspInit                         0x08004e2d   Thumb Code   128  usart.o(i.HAL_UART_MspInit)
    HAL_UART_TxCpltCallback                  0x08004eb9   Thumb Code     2  stm32g4xx_hal_uart.o(i.HAL_UART_TxCpltCallback)
    HardFault_Handler                        0x08004ebb   Thumb Code     2  stm32g4xx_it.o(i.HardFault_Handler)
    I2C_WriteByte                            0x08004ebd   Thumb Code    48  oled_i2c.o(i.I2C_WriteByte)
    IIC_Init                                 0x08004eed   Thumb Code    28  myiic.o(i.IIC_Init)
    IIC_Send_Byte                            0x08004f0d   Thumb Code   116  myiic.o(i.IIC_Send_Byte)
    IIC_Start                                0x08004f85   Thumb Code    80  myiic.o(i.IIC_Start)
    IIC_Stop                                 0x08004fd9   Thumb Code    82  myiic.o(i.IIC_Stop)
    IIC_Wait_Ack                             0x08005031   Thumb Code   102  myiic.o(i.IIC_Wait_Ack)
    MX_ADC1_Init                             0x08005101   Thumb Code   150  adc.o(i.MX_ADC1_Init)
    MX_ADC2_Init                             0x080051a1   Thumb Code   108  adc.o(i.MX_ADC2_Init)
    MX_DMA_Init                              0x08005219   Thumb Code    56  dma.o(i.MX_DMA_Init)
    MX_GPIO_Init                             0x08005255   Thumb Code   120  gpio.o(i.MX_GPIO_Init)
    MX_TIM3_Init                             0x080052d5   Thumb Code    96  tim.o(i.MX_TIM3_Init)
    MX_USART1_UART_Init                      0x0800533d   Thumb Code    94  usart.o(i.MX_USART1_UART_Init)
    MemManage_Handler                        0x080053a5   Thumb Code     2  stm32g4xx_it.o(i.MemManage_Handler)
    MyUSART1_IRQHandler                      0x080053a9   Thumb Code    40  myusart1.o(i.MyUSART1_IRQHandler)
    MyUSART1_Init                            0x080053dd   Thumb Code    16  myusart1.o(i.MyUSART1_Init)
    NMI_Handler                              0x080053f1   Thumb Code     2  stm32g4xx_it.o(i.NMI_Handler)
    OLED_CLS                                 0x080053f3   Thumb Code     6  oled_i2c.o(i.OLED_CLS)
    OLED_Fill                                0x080053f9   Thumb Code    56  oled_i2c.o(i.OLED_Fill)
    OLED_Init                                0x08005431   Thumb Code   194  oled_i2c.o(i.OLED_Init)
    OLED_SetPos                              0x080054f9   Thumb Code    38  oled_i2c.o(i.OLED_SetPos)
    OLED_ShowFloat                           0x08005521   Thumb Code    48  oled_i2c.o(i.OLED_ShowFloat)
    OLED_ShowStr                             0x08005559   Thumb Code   208  oled_i2c.o(i.OLED_ShowStr)
    PendSV_Handler                           0x08005631   Thumb Code     2  stm32g4xx_it.o(i.PendSV_Handler)
    SVC_Handler                              0x08005633   Thumb Code     2  stm32g4xx_it.o(i.SVC_Handler)
    SysTick_Handler                          0x08005635   Thumb Code     4  stm32g4xx_it.o(i.SysTick_Handler)
    SystemClock_Config                       0x08005639   Thumb Code   102  main.o(i.SystemClock_Config)
    SystemInit                               0x080056a1   Thumb Code    12  system_stm32g4xx.o(i.SystemInit)
    TIM_Base_SetConfig                       0x080056b1   Thumb Code   176  stm32g4xx_hal_tim.o(i.TIM_Base_SetConfig)
    TIM_ETR_SetConfig                        0x08005785   Thumb Code    20  stm32g4xx_hal_tim.o(i.TIM_ETR_SetConfig)
    UART_AdvFeatureConfig                    0x08005839   Thumb Code   200  stm32g4xx_hal_uart.o(i.UART_AdvFeatureConfig)
    UART_CheckIdleState                      0x08005901   Thumb Code    96  stm32g4xx_hal_uart.o(i.UART_CheckIdleState)
    UART_SetConfig                           0x080059c9   Thumb Code   614  stm32g4xx_hal_uart.o(i.UART_SetConfig)
    UART_WaitOnFlagUntilTimeout              0x08005c61   Thumb Code   198  stm32g4xx_hal_uart.o(i.UART_WaitOnFlagUntilTimeout)
    USART1_IRQHandler                        0x08005d29   Thumb Code    18  stm32g4xx_it.o(i.USART1_IRQHandler)
    UsageFault_Handler                       0x08005d45   Thumb Code     2  stm32g4xx_it.o(i.UsageFault_Handler)
    WriteCmd                                 0x08005d47   Thumb Code     8  oled_i2c.o(i.WriteCmd)
    WriteDat                                 0x08005d4f   Thumb Code     8  oled_i2c.o(i.WriteDat)
    __ARM_fpclassify                         0x08005d57   Thumb Code    48  fpclassify.o(i.__ARM_fpclassify)
    __hardfp_atan                            0x08005da9   Thumb Code   622  atan.o(i.__hardfp_atan)
    __hardfp_atan2                           0x08006081   Thumb Code   432  atan2.o(i.__hardfp_atan2)
    __kernel_poly                            0x08006271   Thumb Code   248  poly.o(i.__kernel_poly)
    __mathlib_dbl_infnan                     0x08006369   Thumb Code    20  dunder.o(i.__mathlib_dbl_infnan)
    __mathlib_dbl_infnan2                    0x0800637d   Thumb Code    20  dunder.o(i.__mathlib_dbl_infnan2)
    __mathlib_dbl_underflow                  0x08006391   Thumb Code    24  dunder.o(i.__mathlib_dbl_underflow)
    _is_digit                                0x080063b1   Thumb Code    14  __printf_wp.o(i._is_digit)
    atan                                     0x080063bf   Thumb Code    16  atan.o(i.atan)
    delay_init                               0x080063d1   Thumb Code    16  delay.o(i.delay_init)
    delay_ms                                 0x080063e5   Thumb Code    10  delay.o(i.delay_ms)
    delay_us                                 0x080063f1   Thumb Code    48  delay.o(i.delay_us)
    fabs                                     0x08006425   Thumb Code    24  fabs.o(i.fabs)
    fft_getpeak                              0x0800643d   Thumb Code   350  data_handle.o(i.fft_getpeak)
    main                                     0x080065c5   Thumb Code    58  main.o(i.main)
    sqrtf                                    0x08006605   Thumb Code    62  sqrtf.o(i.sqrtf)
    _get_lc_numeric                          0x08006645   Thumb Code    44  lc_numeric_c.o(locale$$code)
    __aeabi_dneg                             0x08006671   Thumb Code     0  basic.o(x$fpl$basic)
    _dneg                                    0x08006671   Thumb Code     6  basic.o(x$fpl$basic)
    __aeabi_fneg                             0x08006677   Thumb Code     0  basic.o(x$fpl$basic)
    _fneg                                    0x08006677   Thumb Code     6  basic.o(x$fpl$basic)
    _dabs                                    0x0800667d   Thumb Code     6  basic.o(x$fpl$basic)
    _fabs                                    0x08006683   Thumb Code     6  basic.o(x$fpl$basic)
    __aeabi_d2f                              0x08006689   Thumb Code     0  d2f.o(x$fpl$d2f)
    _d2f                                     0x08006689   Thumb Code    98  d2f.o(x$fpl$d2f)
    __aeabi_dadd                             0x080066ed   Thumb Code     0  daddsub_clz.o(x$fpl$dadd)
    _dadd                                    0x080066ed   Thumb Code   332  daddsub_clz.o(x$fpl$dadd)
    __aeabi_ddiv                             0x0800683d   Thumb Code     0  ddiv.o(x$fpl$ddiv)
    _ddiv                                    0x0800683d   Thumb Code   552  ddiv.o(x$fpl$ddiv)
    __aeabi_i2d                              0x08006aed   Thumb Code     0  dflt_clz.o(x$fpl$dflt)
    _dflt                                    0x08006aed   Thumb Code    46  dflt_clz.o(x$fpl$dflt)
    __aeabi_ui2d                             0x08006b1b   Thumb Code     0  dflt_clz.o(x$fpl$dfltu)
    _dfltu                                   0x08006b1b   Thumb Code    38  dflt_clz.o(x$fpl$dfltu)
    __aeabi_dmul                             0x08006b41   Thumb Code     0  dmul.o(x$fpl$dmul)
    _dmul                                    0x08006b41   Thumb Code   332  dmul.o(x$fpl$dmul)
    __fpl_dnaninf                            0x08006c95   Thumb Code   156  dnaninf.o(x$fpl$dnaninf)
    __fpl_dretinf                            0x08006d31   Thumb Code    12  dretinf.o(x$fpl$dretinf)
    __aeabi_drsub                            0x08006d3d   Thumb Code     0  daddsub_clz.o(x$fpl$drsb)
    _drsb                                    0x08006d3d   Thumb Code    22  daddsub_clz.o(x$fpl$drsb)
    __aeabi_dsub                             0x08006d55   Thumb Code     0  daddsub_clz.o(x$fpl$dsub)
    _dsub                                    0x08006d55   Thumb Code   464  daddsub_clz.o(x$fpl$dsub)
    __aeabi_f2d                              0x08006f29   Thumb Code     0  f2d.o(x$fpl$f2d)
    _f2d                                     0x08006f29   Thumb Code    86  f2d.o(x$fpl$f2d)
    __aeabi_fadd                             0x08006f7f   Thumb Code     0  faddsub_clz.o(x$fpl$fadd)
    _fadd                                    0x08006f7f   Thumb Code    18  faddsub_clz.o(x$fpl$fadd)
    __aeabi_fcmpeq                           0x08006f91   Thumb Code     0  fcmp.o(x$fpl$fcmp)
    _feq                                     0x08006f91   Thumb Code    14  fcmp.o(x$fpl$fcmp)
    _fneq                                    0x08006f9f   Thumb Code    14  fcmp.o(x$fpl$fcmp)
    __aeabi_fcmpgt                           0x08006fad   Thumb Code     0  fcmp.o(x$fpl$fcmp)
    _fgr                                     0x08006fad   Thumb Code    14  fcmp.o(x$fpl$fcmp)
    __aeabi_fcmpge                           0x08006fbb   Thumb Code     0  fcmp.o(x$fpl$fcmp)
    _fgeq                                    0x08006fbb   Thumb Code    14  fcmp.o(x$fpl$fcmp)
    __aeabi_fcmple                           0x08006fc9   Thumb Code     0  fcmp.o(x$fpl$fcmp)
    _fleq                                    0x08006fc9   Thumb Code    14  fcmp.o(x$fpl$fcmp)
    __aeabi_fcmplt                           0x08006fd7   Thumb Code     0  fcmp.o(x$fpl$fcmp)
    _fls                                     0x08006fd7   Thumb Code    14  fcmp.o(x$fpl$fcmp)
    __fpl_fcmp_Inf                           0x08006fe5   Thumb Code    24  fcmpi.o(x$fpl$fcmpinf)
    __aeabi_cfcmpeq                          0x08006ffd   Thumb Code     0  feqf.o(x$fpl$feqf)
    _fcmpeq                                  0x08006ffd   Thumb Code    48  feqf.o(x$fpl$feqf)
    _fcmpge                                  0x0800702d   Thumb Code    48  fgeqf.o(x$fpl$fgeqf)
    __aeabi_cfcmple                          0x0800705d   Thumb Code     0  fleqf.o(x$fpl$fleqf)
    _fcmple                                  0x0800705d   Thumb Code    48  fleqf.o(x$fpl$fleqf)
    __fpl_fcmple_InfNaN                      0x08007075   Thumb Code     0  fleqf.o(x$fpl$fleqf)
    __aeabi_fmul                             0x0800708d   Thumb Code     0  fmul.o(x$fpl$fmul)
    _fmul                                    0x0800708d   Thumb Code    18  fmul.o(x$fpl$fmul)
    __fpl_fnaninf                            0x0800709f   Thumb Code   140  fnaninf.o(x$fpl$fnaninf)
    _fp_init                                 0x0800712b   Thumb Code    10  fpinit.o(x$fpl$fpinit)
    __fplib_config_fpu_vfp                   0x08007133   Thumb Code     0  fpinit.o(x$fpl$fpinit)
    __fplib_config_pureend_doubles           0x08007133   Thumb Code     0  fpinit.o(x$fpl$fpinit)
    __fpl_fretinf                            0x08007135   Thumb Code    10  fretinf.o(x$fpl$fretinf)
    __aeabi_fsub                             0x0800713f   Thumb Code     0  faddsub_clz.o(x$fpl$fsub)
    _fsub                                    0x0800713f   Thumb Code    18  faddsub_clz.o(x$fpl$fsub)
    _printf_fp_dec                           0x08007151   Thumb Code     4  printf1.o(x$fpl$printf1)
    UARTPrescTable                           0x08007154   Data          24  stm32g4xx_hal_uart.o(.constdata)
    __I$use$fp                               0x08007154   Number         0  usenofp.o(x$fpl$usenofp)
    AHBPrescTable                            0x0800717c   Data          16  system_stm32g4xx.o(.constdata)
    APBPrescTable                            0x0800718c   Data           8  system_stm32g4xx.o(.constdata)
    F6x8                                     0x0800719c   Data         558  oled_i2c.o(.constdata)
    F8X16                                    0x080073ca   Data        1520  oled_i2c.o(.constdata)
    __mathlib_zero                           0x08007a58   Data           8  qnan.o(.constdata)
    armBitRevTable                           0x08007af4   Data        2048  arm_common_tables.o(.rodata.armBitRevTable)
    twiddleCoef_4096                         0x080082f4   Data       32768  arm_common_tables.o(.rodata.twiddleCoef_4096)
    Region$$Table$$Base                      0x080102f4   Number         0  anon$$obj.o(Region$$Table)
    Region$$Table$$Limit                     0x08010314   Number         0  anon$$obj.o(Region$$Table)
    uwTickPrio                               0x20000004   Data           4  stm32g4xx_hal.o(.data)
    uwTickFreq                               0x20000008   Data           4  stm32g4xx_hal.o(.data)
    uwTick                                   0x2000000c   Data           4  stm32g4xx_hal.o(.data)
    SystemCoreClock                          0x20000010   Data           4  system_stm32g4xx.o(.data)
    RevState                                 0x20000016   Data           1  oled_i2c.o(.data)
    brightness                               0x20000017   Data           1  oled_i2c.o(.data)
    isScrolling                              0x20000018   Data           1  oled_i2c.o(.data)
    F16x16                                   0x20000019   Data         544  oled_i2c.o(.data)
    MyUSART1_bufferOverflowFlag              0x2000023c   Data           1  myusart1.o(.data)
    MyUSART1_bufferPos                       0x20000240   Data           4  myusart1.o(.data)
    MyUSART1_dummyHandle                     0x20000244   Data           4  myusart1.o(.data)
    hadc1                                    0x20000248   Data         108  adc.o(.bss)
    hadc2                                    0x200002b4   Data         108  adc.o(.bss)
    hdma_adc1                                0x20000320   Data          96  adc.o(.bss)
    htim3                                    0x20000380   Data          76  tim.o(.bss)
    huart1                                   0x200003cc   Data         144  usart.o(.bss)
    ADC_Value                                0x2000045c   Data        4096  data_handle.o(.bss)
    ADC_1                                    0x2000145c   Data        2048  data_handle.o(.bss)
    ADC_2                                    0x20001c5c   Data        2048  data_handle.o(.bss)
    ADC_3                                    0x2000245c   Data        4096  data_handle.o(.bss)
    fft_inputbuf                             0x2000345c   Data        8192  data_handle.o(.bss)
    fft_outputbuf                            0x2000545c   Data        4096  data_handle.o(.bss)
    freamp                                   0x2000645c   Data         200  data_handle.o(.bss)
    MyUSART1_buffer                          0x20006524   Data         100  myusart1.o(.bss)
    __libspace_start                         0x20006588   Data          96  libspace.o(.bss)
    __temporary_stack_top$libspace           0x200065e8   Data           0  libspace.o(.bss)



==============================================================================

Memory Map of the image

  Image Entry point : 0x080001d9

  Load Region LR_IROM1 (Base: 0x08000000, Size: 0x00010578, Max: 0x00080000, ABSOLUTE, COMPRESSED[0x000104f0])

    Execution Region ER_IROM1 (Exec base: 0x08000000, Load base: 0x08000000, Size: 0x00010330, Max: 0x00080000, ABSOLUTE)

    Exec Addr    Load Addr    Size         Type   Attr      Idx    E Section Name        Object

    0x08000000   0x08000000   0x000001d8   Data   RO            3    RESET               startup_stm32g474xx.o
    0x080001d8   0x080001d8   0x00000008   Code   RO         4846  * !!!main             c_w.l(__main.o)
    0x080001e0   0x080001e0   0x00000034   Code   RO         5187    !!!scatter          c_w.l(__scatter.o)
    0x08000214   0x08000214   0x0000005a   Code   RO         5185    !!dczerorl2         c_w.l(__dczerorl2.o)
    0x0800026e   0x0800026e   0x00000002   PAD
    0x08000270   0x08000270   0x0000001c   Code   RO         5189    !!handler_zi        c_w.l(__scatter_zi.o)
    0x0800028c   0x0800028c   0x00000000   Code   RO         4839    .ARM.Collect$$_printf_percent$$00000000  c_w.l(_printf_percent.o)
    0x0800028c   0x0800028c   0x00000006   Code   RO         4838    .ARM.Collect$$_printf_percent$$00000003  c_w.l(_printf_f.o)
    0x08000292   0x08000292   0x00000004   Code   RO         4913    .ARM.Collect$$_printf_percent$$00000017  c_w.l(_printf_percent_end.o)
    0x08000296   0x08000296   0x00000002   Code   RO         5059    .ARM.Collect$$libinit$$00000000  c_w.l(libinit.o)
    0x08000298   0x08000298   0x00000004   Code   RO         5060    .ARM.Collect$$libinit$$00000001  c_w.l(libinit2.o)
    0x0800029c   0x0800029c   0x00000000   Code   RO         5063    .ARM.Collect$$libinit$$00000004  c_w.l(libinit2.o)
    0x0800029c   0x0800029c   0x00000000   Code   RO         5066    .ARM.Collect$$libinit$$0000000A  c_w.l(libinit2.o)
    0x0800029c   0x0800029c   0x00000000   Code   RO         5068    .ARM.Collect$$libinit$$0000000C  c_w.l(libinit2.o)
    0x0800029c   0x0800029c   0x00000000   Code   RO         5070    .ARM.Collect$$libinit$$0000000E  c_w.l(libinit2.o)
    0x0800029c   0x0800029c   0x00000006   Code   RO         5071    .ARM.Collect$$libinit$$0000000F  c_w.l(libinit2.o)
    0x080002a2   0x080002a2   0x00000000   Code   RO         5073    .ARM.Collect$$libinit$$00000011  c_w.l(libinit2.o)
    0x080002a2   0x080002a2   0x00000000   Code   RO         5075    .ARM.Collect$$libinit$$00000013  c_w.l(libinit2.o)
    0x080002a2   0x080002a2   0x00000000   Code   RO         5077    .ARM.Collect$$libinit$$00000015  c_w.l(libinit2.o)
    0x080002a2   0x080002a2   0x0000000a   Code   RO         5078    .ARM.Collect$$libinit$$00000016  c_w.l(libinit2.o)
    0x080002ac   0x080002ac   0x00000000   Code   RO         5079    .ARM.Collect$$libinit$$00000017  c_w.l(libinit2.o)
    0x080002ac   0x080002ac   0x00000000   Code   RO         5081    .ARM.Collect$$libinit$$00000019  c_w.l(libinit2.o)
    0x080002ac   0x080002ac   0x00000000   Code   RO         5083    .ARM.Collect$$libinit$$0000001B  c_w.l(libinit2.o)
    0x080002ac   0x080002ac   0x00000000   Code   RO         5085    .ARM.Collect$$libinit$$0000001D  c_w.l(libinit2.o)
    0x080002ac   0x080002ac   0x00000000   Code   RO         5087    .ARM.Collect$$libinit$$0000001F  c_w.l(libinit2.o)
    0x080002ac   0x080002ac   0x00000000   Code   RO         5089    .ARM.Collect$$libinit$$00000021  c_w.l(libinit2.o)
    0x080002ac   0x080002ac   0x00000000   Code   RO         5091    .ARM.Collect$$libinit$$00000023  c_w.l(libinit2.o)
    0x080002ac   0x080002ac   0x00000000   Code   RO         5093    .ARM.Collect$$libinit$$00000025  c_w.l(libinit2.o)
    0x080002ac   0x080002ac   0x00000000   Code   RO         5097    .ARM.Collect$$libinit$$0000002C  c_w.l(libinit2.o)
    0x080002ac   0x080002ac   0x00000000   Code   RO         5099    .ARM.Collect$$libinit$$0000002E  c_w.l(libinit2.o)
    0x080002ac   0x080002ac   0x00000000   Code   RO         5101    .ARM.Collect$$libinit$$00000030  c_w.l(libinit2.o)
    0x080002ac   0x080002ac   0x00000000   Code   RO         5103    .ARM.Collect$$libinit$$00000032  c_w.l(libinit2.o)
    0x080002ac   0x080002ac   0x00000002   Code   RO         5104    .ARM.Collect$$libinit$$00000033  c_w.l(libinit2.o)
    0x080002ae   0x080002ae   0x00000002   Code   RO         5151    .ARM.Collect$$libshutdown$$00000000  c_w.l(libshutdown.o)
    0x080002b0   0x080002b0   0x00000000   Code   RO         5170    .ARM.Collect$$libshutdown$$00000003  c_w.l(libshutdown2.o)
    0x080002b0   0x080002b0   0x00000000   Code   RO         5173    .ARM.Collect$$libshutdown$$00000006  c_w.l(libshutdown2.o)
    0x080002b0   0x080002b0   0x00000000   Code   RO         5176    .ARM.Collect$$libshutdown$$00000009  c_w.l(libshutdown2.o)
    0x080002b0   0x080002b0   0x00000000   Code   RO         5178    .ARM.Collect$$libshutdown$$0000000B  c_w.l(libshutdown2.o)
    0x080002b0   0x080002b0   0x00000000   Code   RO         5181    .ARM.Collect$$libshutdown$$0000000E  c_w.l(libshutdown2.o)
    0x080002b0   0x080002b0   0x00000002   Code   RO         5182    .ARM.Collect$$libshutdown$$0000000F  c_w.l(libshutdown2.o)
    0x080002b2   0x080002b2   0x00000000   Code   RO         4900    .ARM.Collect$$rtentry$$00000000  c_w.l(__rtentry.o)
    0x080002b2   0x080002b2   0x00000000   Code   RO         4973    .ARM.Collect$$rtentry$$00000002  c_w.l(__rtentry2.o)
    0x080002b2   0x080002b2   0x00000006   Code   RO         4985    .ARM.Collect$$rtentry$$00000004  c_w.l(__rtentry4.o)
    0x080002b8   0x080002b8   0x00000000   Code   RO         4975    .ARM.Collect$$rtentry$$00000009  c_w.l(__rtentry2.o)
    0x080002b8   0x080002b8   0x00000004   Code   RO         4976    .ARM.Collect$$rtentry$$0000000A  c_w.l(__rtentry2.o)
    0x080002bc   0x080002bc   0x00000000   Code   RO         4978    .ARM.Collect$$rtentry$$0000000C  c_w.l(__rtentry2.o)
    0x080002bc   0x080002bc   0x00000008   Code   RO         4979    .ARM.Collect$$rtentry$$0000000D  c_w.l(__rtentry2.o)
    0x080002c4   0x080002c4   0x00000002   Code   RO         5105    .ARM.Collect$$rtexit$$00000000  c_w.l(rtexit.o)
    0x080002c6   0x080002c6   0x00000000   Code   RO         5120    .ARM.Collect$$rtexit$$00000002  c_w.l(rtexit2.o)
    0x080002c6   0x080002c6   0x00000004   Code   RO         5121    .ARM.Collect$$rtexit$$00000003  c_w.l(rtexit2.o)
    0x080002ca   0x080002ca   0x00000006   Code   RO         5122    .ARM.Collect$$rtexit$$00000004  c_w.l(rtexit2.o)
    0x080002d0   0x080002d0   0x00000040   Code   RO            4    .text               startup_stm32g474xx.o
    0x08000310   0x08000310   0x000000ee   Code   RO         4810    .text               c_w.l(lludivv7m.o)
    0x080003fe   0x080003fe   0x00000002   PAD
    0x08000400   0x08000400   0x00000028   Code   RO         4814    .text               c_w.l(noretval__2sprintf.o)
    0x08000428   0x08000428   0x00000160   Code   RO         4833    .text               c_w.l(__printf_ss_wp.o)
    0x08000588   0x08000588   0x0000003e   Code   RO         4840    .text               c_w.l(strlen.o)
    0x080005c6   0x080005c6   0x0000004e   Code   RO         4842    .text               c_w.l(rt_memclr_w.o)
    0x08000614   0x08000614   0x00000006   Code   RO         4844    .text               c_w.l(heapauxi.o)
    0x0800061a   0x0800061a   0x00000016   Code   RO         4905    .text               c_w.l(_rserrno.o)
    0x08000630   0x08000630   0x0000041a   Code   RO         4907    .text               c_w.l(_printf_fp_dec.o)
    0x08000a4a   0x08000a4a   0x00000002   PAD
    0x08000a4c   0x08000a4c   0x00000030   Code   RO         4909    .text               c_w.l(_printf_char_common.o)
    0x08000a7c   0x08000a7c   0x0000000a   Code   RO         4911    .text               c_w.l(_sputc.o)
    0x08000a86   0x08000a86   0x00000002   PAD
    0x08000a88   0x08000a88   0x00000008   Code   RO         4992    .text               c_w.l(rt_locale_intlibspace.o)
    0x08000a90   0x08000a90   0x00000008   Code   RO         4997    .text               c_w.l(rt_errno_addr_intlibspace.o)
    0x08000a98   0x08000a98   0x0000008a   Code   RO         4999    .text               c_w.l(lludiv10.o)
    0x08000b22   0x08000b22   0x00000002   PAD
    0x08000b24   0x08000b24   0x00000080   Code   RO         5001    .text               c_w.l(_printf_fp_infnan.o)
    0x08000ba4   0x08000ba4   0x000000dc   Code   RO         5005    .text               c_w.l(bigflt0.o)
    0x08000c80   0x08000c80   0x00000008   Code   RO         5041    .text               c_w.l(libspace.o)
    0x08000c88   0x08000c88   0x0000004a   Code   RO         5044    .text               c_w.l(sys_stackheap_outer.o)
    0x08000cd2   0x08000cd2   0x0000000c   Code   RO         5046    .text               c_w.l(exit.o)
    0x08000cde   0x08000cde   0x00000002   PAD
    0x08000ce0   0x08000ce0   0x00000080   Code   RO         5052    .text               c_w.l(strcmpv7m.o)
    0x08000d60   0x08000d60   0x0000000c   Code   RO         5117    .text               c_w.l(sys_exit.o)
    0x08000d6c   0x08000d6c   0x00000002   Code   RO         5138    .text               c_w.l(use_no_semi.o)
    0x08000d6e   0x08000d6e   0x00000000   Code   RO         5140    .text               c_w.l(indicate_semi.o)
    0x08000d6e   0x08000d6e   0x00000002   PAD
    0x08000d70   0x08000d70   0x000000ae   Code   RO         4699    .text.arm_bitreversal_f32  arm_cortexM4l_math.lib(arm_bitreversal.o)
    0x08000e1e   0x08000e1e   0x00000042   Code   RO         4664    .text.arm_cfft_radix4_f32  arm_cortexM4l_math.lib(arm_cfft_radix4_f32.o)
    0x08000e60   0x08000e60   0x0000007c   Code   RO         4679    .text.arm_cfft_radix4_init_f32  arm_cortexM4l_math.lib(arm_cfft_radix4_init_f32.o)
    0x08000edc   0x08000edc   0x000000e8   Code   RO         4654    .text.arm_cmplx_mag_f32  arm_cortexM4l_math.lib(arm_cmplx_mag_f32.o)
    0x08000fc4   0x08000fc4   0x00000120   Code   RO         4689    .text.arm_max_f32   arm_cortexM4l_math.lib(arm_max_f32.o)
    0x080010e4   0x080010e4   0x00000568   Code   RO         4668    .text.arm_radix4_butterfly_f32  arm_cortexM4l_math.lib(arm_cfft_radix4_f32.o)
    0x0800164c   0x0800164c   0x0000059a   Code   RO         4666    .text.arm_radix4_butterfly_inverse_f32  arm_cortexM4l_math.lib(arm_cfft_radix4_f32.o)
    0x08001be6   0x08001be6   0x0000003e   Code   RO         5008    CL$$btod_d2e        c_w.l(btod.o)
    0x08001c24   0x08001c24   0x00000046   Code   RO         5010    CL$$btod_d2e_denorm_low  c_w.l(btod.o)
    0x08001c6a   0x08001c6a   0x00000060   Code   RO         5009    CL$$btod_d2e_norm_op1  c_w.l(btod.o)
    0x08001cca   0x08001cca   0x00000338   Code   RO         5018    CL$$btod_div_common  c_w.l(btod.o)
    0x08002002   0x08002002   0x000000c6   Code   RO         5015    CL$$btod_e2e        c_w.l(btod.o)
    0x080020c8   0x080020c8   0x00000028   Code   RO         5012    CL$$btod_ediv       c_w.l(btod.o)
    0x080020f0   0x080020f0   0x00000028   Code   RO         5011    CL$$btod_emul       c_w.l(btod.o)
    0x08002118   0x08002118   0x00000244   Code   RO         5017    CL$$btod_mult_common  c_w.l(btod.o)
    0x0800235c   0x0800235c   0x00000068   Code   RO          505    i.ADC_DMAConvCplt   stm32g4xx_hal_adc.o
    0x080023c4   0x080023c4   0x0000001a   Code   RO          506    i.ADC_DMAError      stm32g4xx_hal_adc.o
    0x080023de   0x080023de   0x0000000a   Code   RO          507    i.ADC_DMAHalfConvCplt  stm32g4xx_hal_adc.o
    0x080023e8   0x080023e8   0x00000070   Code   RO          508    i.ADC_Disable       stm32g4xx_hal_adc.o
    0x08002458   0x08002458   0x00000074   Code   RO          509    i.ADC_Enable        stm32g4xx_hal_adc.o
    0x080024cc   0x080024cc   0x00000030   Code   RO         4157    i.ADC_Get           data_handle.o
    0x080024fc   0x080024fc   0x00000048   Code   RO         4158    i.ADC_Init          data_handle.o
    0x08002544   0x08002544   0x00000002   Code   RO          392    i.BusFault_Handler  stm32g4xx_it.o
    0x08002546   0x08002546   0x00000002   PAD
    0x08002548   0x08002548   0x0000000c   Code   RO          393    i.DMA1_Channel1_IRQHandler  stm32g4xx_it.o
    0x08002554   0x08002554   0x00000040   Code   RO         1800    i.DMA_CalcDMAMUXChannelBaseAndMask  stm32g4xx_hal_dma.o
    0x08002594   0x08002594   0x00000024   Code   RO         1801    i.DMA_CalcDMAMUXRequestGenBaseAndMask  stm32g4xx_hal_dma.o
    0x080025b8   0x080025b8   0x0000003e   Code   RO         1802    i.DMA_SetConfig     stm32g4xx_hal_dma.o
    0x080025f6   0x080025f6   0x00000002   PAD
    0x080025f8   0x080025f8   0x000003b0   Code   RO         4159    i.Data_handle       data_handle.o
    0x080029a8   0x080029a8   0x00000002   Code   RO          394    i.DebugMon_Handler  stm32g4xx_it.o
    0x080029aa   0x080029aa   0x00000004   Code   RO           13    i.Error_Handler     main.o
    0x080029ae   0x080029ae   0x00000002   PAD
    0x080029b0   0x080029b0   0x00000090   Code   RO         4160    i.Fre_Control       data_handle.o
    0x08002a40   0x08002a40   0x00000094   Code   RO          742    i.HAL_ADCEx_Calibration_Start  stm32g4xx_hal_adc_ex.o
    0x08002ad4   0x08002ad4   0x0000015c   Code   RO          759    i.HAL_ADCEx_MultiModeConfigChannel  stm32g4xx_hal_adc_ex.o
    0x08002c30   0x08002c30   0x000000f8   Code   RO          761    i.HAL_ADCEx_MultiModeStart_DMA  stm32g4xx_hal_adc_ex.o
    0x08002d28   0x08002d28   0x0000045c   Code   RO          511    i.HAL_ADC_ConfigChannel  stm32g4xx_hal_adc.o
    0x08003184   0x08003184   0x00000018   Code   RO           14    i.HAL_ADC_ConvCpltCallback  main.o
    0x0800319c   0x0800319c   0x00000002   Code   RO          513    i.HAL_ADC_ConvHalfCpltCallback  stm32g4xx_hal_adc.o
    0x0800319e   0x0800319e   0x00000002   Code   RO          515    i.HAL_ADC_ErrorCallback  stm32g4xx_hal_adc.o
    0x080031a0   0x080031a0   0x00000238   Code   RO          520    i.HAL_ADC_Init      stm32g4xx_hal_adc.o
    0x080033d8   0x080033d8   0x0000011c   Code   RO          236    i.HAL_ADC_MspInit   adc.o
    0x080034f4   0x080034f4   0x00000138   Code   RO          526    i.HAL_ADC_Start     stm32g4xx_hal_adc.o
    0x0800362c   0x0800362c   0x0000006a   Code   RO         1803    i.HAL_DMA_Abort     stm32g4xx_hal_dma.o
    0x08003696   0x08003696   0x00000078   Code   RO         1804    i.HAL_DMA_Abort_IT  stm32g4xx_hal_dma.o
    0x0800370e   0x0800370e   0x000000ba   Code   RO         1808    i.HAL_DMA_IRQHandler  stm32g4xx_hal_dma.o
    0x080037c8   0x080037c8   0x000000c0   Code   RO         1809    i.HAL_DMA_Init      stm32g4xx_hal_dma.o
    0x08003888   0x08003888   0x0000008c   Code   RO         1813    i.HAL_DMA_Start_IT  stm32g4xx_hal_dma.o
    0x08003914   0x08003914   0x00000248   Code   RO         1665    i.HAL_GPIO_Init     stm32g4xx_hal_gpio.o
    0x08003b5c   0x08003b5c   0x0000000a   Code   RO         1667    i.HAL_GPIO_ReadPin  stm32g4xx_hal_gpio.o
    0x08003b66   0x08003b66   0x0000000a   Code   RO         1669    i.HAL_GPIO_WritePin  stm32g4xx_hal_gpio.o
    0x08003b70   0x08003b70   0x0000000c   Code   RO          962    i.HAL_GetTick       stm32g4xx_hal.o
    0x08003b7c   0x08003b7c   0x00000010   Code   RO          965    i.HAL_IncTick       stm32g4xx_hal.o
    0x08003b8c   0x08003b8c   0x0000001e   Code   RO          966    i.HAL_Init          stm32g4xx_hal.o
    0x08003baa   0x08003baa   0x00000002   PAD
    0x08003bac   0x08003bac   0x00000044   Code   RO          967    i.HAL_InitTick      stm32g4xx_hal.o
    0x08003bf0   0x08003bf0   0x00000030   Code   RO          480    i.HAL_MspInit       stm32g4xx_hal_msp.o
    0x08003c20   0x08003c20   0x0000001a   Code   RO         2312    i.HAL_NVIC_EnableIRQ  stm32g4xx_hal_cortex.o
    0x08003c3a   0x08003c3a   0x00000002   PAD
    0x08003c3c   0x08003c3c   0x00000040   Code   RO         2318    i.HAL_NVIC_SetPriority  stm32g4xx_hal_cortex.o
    0x08003c7c   0x08003c7c   0x00000024   Code   RO         2319    i.HAL_NVIC_SetPriorityGrouping  stm32g4xx_hal_cortex.o
    0x08003ca0   0x08003ca0   0x000000bc   Code   RO         2068    i.HAL_PWREx_ControlVoltageScaling  stm32g4xx_hal_pwr_ex.o
    0x08003d5c   0x08003d5c   0x00000010   Code   RO         2080    i.HAL_PWREx_DisableUCPDDeadBattery  stm32g4xx_hal_pwr_ex.o
    0x08003d6c   0x08003d6c   0x00000300   Code   RO         1311    i.HAL_RCCEx_PeriphCLKConfig  stm32g4xx_hal_rcc_ex.o
    0x0800406c   0x0800406c   0x000001dc   Code   RO         1186    i.HAL_RCC_ClockConfig  stm32g4xx_hal_rcc.o
    0x08004248   0x08004248   0x00000024   Code   RO         1194    i.HAL_RCC_GetPCLK1Freq  stm32g4xx_hal_rcc.o
    0x0800426c   0x0800426c   0x00000024   Code   RO         1195    i.HAL_RCC_GetPCLK2Freq  stm32g4xx_hal_rcc.o
    0x08004290   0x08004290   0x00000070   Code   RO         1196    i.HAL_RCC_GetSysClockFreq  stm32g4xx_hal_rcc.o
    0x08004300   0x08004300   0x0000040c   Code   RO         1199    i.HAL_RCC_OscConfig  stm32g4xx_hal_rcc.o
    0x0800470c   0x0800470c   0x00000018   Code   RO         2321    i.HAL_SYSTICK_CLKSourceConfig  stm32g4xx_hal_cortex.o
    0x08004724   0x08004724   0x00000028   Code   RO         2323    i.HAL_SYSTICK_Config  stm32g4xx_hal_cortex.o
    0x0800474c   0x0800474c   0x000000b8   Code   RO         3200    i.HAL_TIMEx_MasterConfigSynchronization  stm32g4xx_hal_tim_ex.o
    0x08004804   0x08004804   0x00000062   Code   RO         2444    i.HAL_TIM_Base_Init  stm32g4xx_hal_tim.o
    0x08004866   0x08004866   0x00000002   PAD
    0x08004868   0x08004868   0x00000028   Code   RO          309    i.HAL_TIM_Base_MspInit  tim.o
    0x08004890   0x08004890   0x00000080   Code   RO         2447    i.HAL_TIM_Base_Start  stm32g4xx_hal_tim.o
    0x08004910   0x08004910   0x000000f0   Code   RO         2453    i.HAL_TIM_ConfigClockSource  stm32g4xx_hal_tim.o
    0x08004a00   0x08004a00   0x0000003e   Code   RO         4007    i.HAL_UARTEx_DisableFifoMode  stm32g4xx_hal_uart_ex.o
    0x08004a3e   0x08004a3e   0x00000002   Code   RO         3596    i.HAL_UARTEx_RxEventCallback  stm32g4xx_hal_uart.o
    0x08004a40   0x08004a40   0x00000002   Code   RO         4014    i.HAL_UARTEx_RxFifoFullCallback  stm32g4xx_hal_uart_ex.o
    0x08004a42   0x08004a42   0x0000004c   Code   RO         4015    i.HAL_UARTEx_SetRxFifoThreshold  stm32g4xx_hal_uart_ex.o
    0x08004a8e   0x08004a8e   0x0000004c   Code   RO         4016    i.HAL_UARTEx_SetTxFifoThreshold  stm32g4xx_hal_uart_ex.o
    0x08004ada   0x08004ada   0x00000002   Code   RO         4018    i.HAL_UARTEx_TxFifoEmptyCallback  stm32g4xx_hal_uart_ex.o
    0x08004adc   0x08004adc   0x00000002   Code   RO         4019    i.HAL_UARTEx_WakeupCallback  stm32g4xx_hal_uart_ex.o
    0x08004ade   0x08004ade   0x00000002   Code   RO         3612    i.HAL_UART_ErrorCallback  stm32g4xx_hal_uart.o
    0x08004ae0   0x08004ae0   0x000002e0   Code   RO         3615    i.HAL_UART_IRQHandler  stm32g4xx_hal_uart.o
    0x08004dc0   0x08004dc0   0x0000006a   Code   RO         3616    i.HAL_UART_Init     stm32g4xx_hal_uart.o
    0x08004e2a   0x08004e2a   0x00000002   PAD
    0x08004e2c   0x08004e2c   0x0000008c   Code   RO          351    i.HAL_UART_MspInit  usart.o
    0x08004eb8   0x08004eb8   0x00000002   Code   RO         3628    i.HAL_UART_TxCpltCallback  stm32g4xx_hal_uart.o
    0x08004eba   0x08004eba   0x00000002   Code   RO          395    i.HardFault_Handler  stm32g4xx_it.o
    0x08004ebc   0x08004ebc   0x00000030   Code   RO         4334    i.I2C_WriteByte     oled_i2c.o
    0x08004eec   0x08004eec   0x00000020   Code   RO         4266    i.IIC_Init          myiic.o
    0x08004f0c   0x08004f0c   0x00000078   Code   RO         4269    i.IIC_Send_Byte     myiic.o
    0x08004f84   0x08004f84   0x00000054   Code   RO         4270    i.IIC_Start         myiic.o
    0x08004fd8   0x08004fd8   0x00000058   Code   RO         4271    i.IIC_Stop          myiic.o
    0x08005030   0x08005030   0x0000006c   Code   RO         4272    i.IIC_Wait_Ack      myiic.o
    0x0800509c   0x0800509c   0x0000000c   Code   RO          534    i.LL_ADC_GetOffsetChannel  stm32g4xx_hal_adc.o
    0x080050a8   0x080050a8   0x00000008   Code   RO          535    i.LL_ADC_INJ_IsConversionOngoing  stm32g4xx_hal_adc.o
    0x080050b0   0x080050b0   0x00000008   Code   RO          536    i.LL_ADC_REG_IsConversionOngoing  stm32g4xx_hal_adc.o
    0x080050b8   0x080050b8   0x00000008   Code   RO          769    i.LL_ADC_REG_IsConversionOngoing  stm32g4xx_hal_adc_ex.o
    0x080050c0   0x080050c0   0x00000010   Code   RO          537    i.LL_ADC_REG_IsTriggerSourceSWStart  stm32g4xx_hal_adc.o
    0x080050d0   0x080050d0   0x0000001e   Code   RO          539    i.LL_ADC_SetChannelSamplingTime  stm32g4xx_hal_adc.o
    0x080050ee   0x080050ee   0x00000010   Code   RO          540    i.LL_ADC_SetOffsetState  stm32g4xx_hal_adc.o
    0x080050fe   0x080050fe   0x00000002   PAD
    0x08005100   0x08005100   0x000000a0   Code   RO          237    i.MX_ADC1_Init      adc.o
    0x080051a0   0x080051a0   0x00000078   Code   RO          238    i.MX_ADC2_Init      adc.o
    0x08005218   0x08005218   0x0000003c   Code   RO          284    i.MX_DMA_Init       dma.o
    0x08005254   0x08005254   0x00000080   Code   RO          211    i.MX_GPIO_Init      gpio.o
    0x080052d4   0x080052d4   0x00000068   Code   RO          310    i.MX_TIM3_Init      tim.o
    0x0800533c   0x0800533c   0x00000068   Code   RO          352    i.MX_USART1_UART_Init  usart.o
    0x080053a4   0x080053a4   0x00000002   Code   RO          396    i.MemManage_Handler  stm32g4xx_it.o
    0x080053a6   0x080053a6   0x00000002   PAD
    0x080053a8   0x080053a8   0x00000034   Code   RO         4507    i.MyUSART1_IRQHandler  myusart1.o
    0x080053dc   0x080053dc   0x00000014   Code   RO         4508    i.MyUSART1_Init     myusart1.o
    0x080053f0   0x080053f0   0x00000002   Code   RO          397    i.NMI_Handler       stm32g4xx_it.o
    0x080053f2   0x080053f2   0x00000006   Code   RO         4335    i.OLED_CLS          oled_i2c.o
    0x080053f8   0x080053f8   0x00000038   Code   RO         4338    i.OLED_Fill         oled_i2c.o
    0x08005430   0x08005430   0x000000c8   Code   RO         4340    i.OLED_Init         oled_i2c.o
    0x080054f8   0x080054f8   0x00000026   Code   RO         4346    i.OLED_SetPos       oled_i2c.o
    0x0800551e   0x0800551e   0x00000002   PAD
    0x08005520   0x08005520   0x00000038   Code   RO         4349    i.OLED_ShowFloat    oled_i2c.o
    0x08005558   0x08005558   0x000000d8   Code   RO         4353    i.OLED_ShowStr      oled_i2c.o
    0x08005630   0x08005630   0x00000002   Code   RO          398    i.PendSV_Handler    stm32g4xx_it.o
    0x08005632   0x08005632   0x00000002   Code   RO          399    i.SVC_Handler       stm32g4xx_it.o
    0x08005634   0x08005634   0x00000004   Code   RO          400    i.SysTick_Handler   stm32g4xx_it.o
    0x08005638   0x08005638   0x00000066   Code   RO           15    i.SystemClock_Config  main.o
    0x0800569e   0x0800569e   0x00000002   PAD
    0x080056a0   0x080056a0   0x00000010   Code   RO         4120    i.SystemInit        system_stm32g4xx.o
    0x080056b0   0x080056b0   0x000000d4   Code   RO         2537    i.TIM_Base_SetConfig  stm32g4xx_hal_tim.o
    0x08005784   0x08005784   0x00000014   Code   RO         2548    i.TIM_ETR_SetConfig  stm32g4xx_hal_tim.o
    0x08005798   0x08005798   0x00000014   Code   RO         2549    i.TIM_ITRx_SetConfig  stm32g4xx_hal_tim.o
    0x080057ac   0x080057ac   0x00000022   Code   RO         2557    i.TIM_TI1_ConfigInputStage  stm32g4xx_hal_tim.o
    0x080057ce   0x080057ce   0x00000024   Code   RO         2559    i.TIM_TI2_ConfigInputStage  stm32g4xx_hal_tim.o
    0x080057f2   0x080057f2   0x00000002   PAD
    0x080057f4   0x080057f4   0x00000044   Code   RO         4020    i.UARTEx_SetNbDataToProcess  stm32g4xx_hal_uart_ex.o
    0x08005838   0x08005838   0x000000c8   Code   RO         3630    i.UART_AdvFeatureConfig  stm32g4xx_hal_uart.o
    0x08005900   0x08005900   0x00000060   Code   RO         3631    i.UART_CheckIdleState  stm32g4xx_hal_uart.o
    0x08005960   0x08005960   0x00000014   Code   RO         3632    i.UART_DMAAbortOnError  stm32g4xx_hal_uart.o
    0x08005974   0x08005974   0x00000054   Code   RO         3642    i.UART_EndRxTransfer  stm32g4xx_hal_uart.o
    0x080059c8   0x080059c8   0x00000298   Code   RO         3648    i.UART_SetConfig    stm32g4xx_hal_uart.o
    0x08005c60   0x08005c60   0x000000c6   Code   RO         3655    i.UART_WaitOnFlagUntilTimeout  stm32g4xx_hal_uart.o
    0x08005d26   0x08005d26   0x00000002   PAD
    0x08005d28   0x08005d28   0x0000001c   Code   RO          401    i.USART1_IRQHandler  stm32g4xx_it.o
    0x08005d44   0x08005d44   0x00000002   Code   RO          402    i.UsageFault_Handler  stm32g4xx_it.o
    0x08005d46   0x08005d46   0x00000008   Code   RO         4355    i.WriteCmd          oled_i2c.o
    0x08005d4e   0x08005d4e   0x00000008   Code   RO         4356    i.WriteDat          oled_i2c.o
    0x08005d56   0x08005d56   0x00000030   Code   RO         5037    i.__ARM_fpclassify  m_wm.l(fpclassify.o)
    0x08005d86   0x08005d86   0x00000020   Code   RO         2325    i.__NVIC_SetPriority  stm32g4xx_hal_cortex.o
    0x08005da6   0x08005da6   0x00000002   PAD
    0x08005da8   0x08005da8   0x000002d8   Code   RO         4937    i.__hardfp_atan     m_wm.l(atan.o)
    0x08006080   0x08006080   0x000001f0   Code   RO         4876    i.__hardfp_atan2    m_wm.l(atan2.o)
    0x08006270   0x08006270   0x000000f8   Code   RO         5039    i.__kernel_poly     m_wm.l(poly.o)
    0x08006368   0x08006368   0x00000014   Code   RO         4952    i.__mathlib_dbl_infnan  m_wm.l(dunder.o)
    0x0800637c   0x0800637c   0x00000014   Code   RO         4953    i.__mathlib_dbl_infnan2  m_wm.l(dunder.o)
    0x08006390   0x08006390   0x00000020   Code   RO         4957    i.__mathlib_dbl_underflow  m_wm.l(dunder.o)
    0x080063b0   0x080063b0   0x0000000e   Code   RO         4828    i._is_digit         c_w.l(__printf_wp.o)
    0x080063be   0x080063be   0x00000010   Code   RO         4939    i.atan              m_wm.l(atan.o)
    0x080063ce   0x080063ce   0x00000002   PAD
    0x080063d0   0x080063d0   0x00000014   Code   RO         4213    i.delay_init        delay.o
    0x080063e4   0x080063e4   0x0000000a   Code   RO         4214    i.delay_ms          delay.o
    0x080063ee   0x080063ee   0x00000002   PAD
    0x080063f0   0x080063f0   0x00000034   Code   RO         4216    i.delay_us          delay.o
    0x08006424   0x08006424   0x00000018   Code   RO         4967    i.fabs              m_wm.l(fabs.o)
    0x0800643c   0x0800643c   0x00000188   Code   RO         4161    i.fft_getpeak       data_handle.o
    0x080065c4   0x080065c4   0x00000040   Code   RO           16    i.main              main.o
    0x08006604   0x08006604   0x0000003e   Code   RO         4890    i.sqrtf             m_wm.l(sqrtf.o)
    0x08006642   0x08006642   0x00000002   PAD
    0x08006644   0x08006644   0x0000002c   Code   RO         5031    locale$$code        c_w.l(lc_numeric_c.o)
    0x08006670   0x08006670   0x00000018   Code   RO         4914    x$fpl$basic         fz_wm.l(basic.o)
    0x08006688   0x08006688   0x00000062   Code   RO         4848    x$fpl$d2f           fz_wm.l(d2f.o)
    0x080066ea   0x080066ea   0x00000002   PAD
    0x080066ec   0x080066ec   0x00000150   Code   RO         4916    x$fpl$dadd          fz_wm.l(daddsub_clz.o)
    0x0800683c   0x0800683c   0x000002b0   Code   RO         4851    x$fpl$ddiv          fz_wm.l(ddiv.o)
    0x08006aec   0x08006aec   0x0000002e   Code   RO         4855    x$fpl$dflt          fz_wm.l(dflt_clz.o)
    0x08006b1a   0x08006b1a   0x00000026   Code   RO         4854    x$fpl$dfltu         fz_wm.l(dflt_clz.o)
    0x08006b40   0x08006b40   0x00000154   Code   RO         4860    x$fpl$dmul          fz_wm.l(dmul.o)
    0x08006c94   0x08006c94   0x0000009c   Code   RO         4922    x$fpl$dnaninf       fz_wm.l(dnaninf.o)
    0x08006d30   0x08006d30   0x0000000c   Code   RO         4924    x$fpl$dretinf       fz_wm.l(dretinf.o)
    0x08006d3c   0x08006d3c   0x00000016   Code   RO         4917    x$fpl$drsb          fz_wm.l(daddsub_clz.o)
    0x08006d52   0x08006d52   0x00000002   PAD
    0x08006d54   0x08006d54   0x000001d4   Code   RO         4918    x$fpl$dsub          fz_wm.l(daddsub_clz.o)
    0x08006f28   0x08006f28   0x00000056   Code   RO         4862    x$fpl$f2d           fz_wm.l(f2d.o)
    0x08006f7e   0x08006f7e   0x00000012   Code   RO         4864    x$fpl$fadd          fz_wm.l(faddsub_clz.o)
    0x08006f90   0x08006f90   0x00000054   Code   RO         4870    x$fpl$fcmp          fz_wm.l(fcmp.o)
    0x08006fe4   0x08006fe4   0x00000018   Code   RO         5033    x$fpl$fcmpinf       fz_wm.l(fcmpi.o)
    0x08006ffc   0x08006ffc   0x00000030   Code   RO         4926    x$fpl$feqf          fz_wm.l(feqf.o)
    0x0800702c   0x0800702c   0x00000030   Code   RO         4928    x$fpl$fgeqf         fz_wm.l(fgeqf.o)
    0x0800705c   0x0800705c   0x00000030   Code   RO         4930    x$fpl$fleqf         fz_wm.l(fleqf.o)
    0x0800708c   0x0800708c   0x00000012   Code   RO         4872    x$fpl$fmul          fz_wm.l(fmul.o)
    0x0800709e   0x0800709e   0x0000008c   Code   RO         4932    x$fpl$fnaninf       fz_wm.l(fnaninf.o)
    0x0800712a   0x0800712a   0x0000000a   Code   RO         5115    x$fpl$fpinit        fz_wm.l(fpinit.o)
    0x08007134   0x08007134   0x0000000a   Code   RO         4934    x$fpl$fretinf       fz_wm.l(fretinf.o)
    0x0800713e   0x0800713e   0x00000012   Code   RO         4865    x$fpl$fsub          fz_wm.l(faddsub_clz.o)
    0x08007150   0x08007150   0x00000004   Code   RO         4874    x$fpl$printf1       fz_wm.l(printf1.o)
    0x08007154   0x08007154   0x00000000   Code   RO         4936    x$fpl$usenofp       fz_wm.l(usenofp.o)
    0x08007154   0x08007154   0x00000018   Data   RO         3656    .constdata          stm32g4xx_hal_uart.o
    0x0800716c   0x0800716c   0x00000010   Data   RO         4021    .constdata          stm32g4xx_hal_uart_ex.o
    0x0800717c   0x0800717c   0x00000010   Data   RO         4121    .constdata          system_stm32g4xx.o
    0x0800718c   0x0800718c   0x00000008   Data   RO         4122    .constdata          system_stm32g4xx.o
    0x08007194   0x08007194   0x00000826   Data   RO         4358    .constdata          oled_i2c.o
    0x080079ba   0x080079ba   0x00000006   PAD
    0x080079c0   0x080079c0   0x00000098   Data   RO         4940    .constdata          m_wm.l(atan.o)
    0x08007a58   0x08007a58   0x00000008   Data   RO         4971    .constdata          m_wm.l(qnan.o)
    0x08007a60   0x08007a60   0x00000094   Data   RO         5006    .constdata          c_w.l(bigflt0.o)
    0x08007af4   0x08007af4   0x00000800   Data   RO         4714    .rodata.armBitRevTable  arm_cortexM4l_math.lib(arm_common_tables.o)
    0x080082f4   0x080082f4   0x00008000   Data   RO         4723    .rodata.twiddleCoef_4096  arm_cortexM4l_math.lib(arm_common_tables.o)
    0x080102f4   0x080102f4   0x00000020   Data   RO         5183    Region$$Table       anon$$obj.o
    0x08010314   0x08010314   0x0000001c   Data   RO         5030    locale$$data        c_w.l(lc_numeric_c.o)


    Execution Region RW_IRAM1 (Exec base: 0x20000000, Load base: 0x08010330, Size: 0x00006be8, Max: 0x00020000, ABSOLUTE, COMPRESSED[0x000001c0])

    Exec Addr    Load Addr    Size         Type   Attr      Idx    E Section Name        Object

    0x20000000   COMPRESSED   0x00000004   Data   RW          240    .data               adc.o
    0x20000004   COMPRESSED   0x0000000c   Data   RW          986    .data               stm32g4xx_hal.o
    0x20000010   COMPRESSED   0x00000004   Data   RW         4123    .data               system_stm32g4xx.o
    0x20000014   COMPRESSED   0x00000002   Data   RW         4217    .data               delay.o
    0x20000016   COMPRESSED   0x00000223   Data   RW         4359    .data               oled_i2c.o
    0x20000239   COMPRESSED   0x00000003   PAD
    0x2000023c   COMPRESSED   0x0000000c   Data   RW         4525    .data               myusart1.o
    0x20000248        -       0x00000138   Zero   RW          239    .bss                adc.o
    0x20000380        -       0x0000004c   Zero   RW          311    .bss                tim.o
    0x200003cc        -       0x00000090   Zero   RW          353    .bss                usart.o
    0x2000045c        -       0x000060c8   Zero   RW         4162    .bss                data_handle.o
    0x20006524        -       0x00000064   Zero   RW         4524    .bss                myusart1.o
    0x20006588        -       0x00000060   Zero   RW         5042    .bss                c_w.l(libspace.o)
    0x200065e8        -       0x00000200   Zero   RW            2    HEAP                startup_stm32g474xx.o
    0x200067e8        -       0x00000400   Zero   RW            1    STACK               startup_stm32g474xx.o


==============================================================================

Image component sizes


      Code (inc. data)   RO Data    RW Data    ZI Data      Debug   Object Name

       564         42          0          4        312       2864   adc.o
      1600        142          0          0      24776       5261   data_handle.o
        82          8          0          2          0       1843   delay.o
        60          4          0          0          0        866   dma.o
       128          8          0          0          0       1007   gpio.o
       194         10          0          0          0     932772   main.o
       432         24          0          0          0       2933   myiic.o
        72         16          0         12        100       3476   myusart1.o
       636         22       2086        547          0       7503   oled_i2c.o
        64         26        472          0       1536        872   startup_stm32g474xx.o
       126         20          0         12          0       3805   stm32g4xx_hal.o
      2458        144          0          0          0      79860   stm32g4xx_hal_adc.o
       752         74          0          0          0      70856   stm32g4xx_hal_adc_ex.o
       222         14          0          0          0      34269   stm32g4xx_hal_cortex.o
       906         30          0          0          0       6186   stm32g4xx_hal_dma.o
       604         34          0          0          0       2775   stm32g4xx_hal_gpio.o
        48          6          0          0          0        918   stm32g4xx_hal_msp.o
       204         18          0          0          0       1433   stm32g4xx_hal_pwr_ex.o
      1696         92          0          0          0       6196   stm32g4xx_hal_rcc.o
       768         10          0          0          0       1936   stm32g4xx_hal_rcc_ex.o
       788         78          0          0          0       6792   stm32g4xx_hal_tim.o
       184         34          0          0          0       1424   stm32g4xx_hal_tim_ex.o
      2110         90         24          0          0      28704   stm32g4xx_hal_uart.o
       288          6         16          0          0       5346   stm32g4xx_hal_uart_ex.o
        60         16          0          0          0       5453   stm32g4xx_it.o
        16          4         24          4          0       1211   system_stm32g4xx.o
       144         18          0          0         76       1746   tim.o
       244         22          0          0        144       1874   usart.o

    ----------------------------------------------------------------------
     15480       1012       2660        584      26944    1220181   Object Totals
         0          0         32          0          0          0   (incl. Generated)
        30          0          6          3          0          0   (incl. Padding)

    ----------------------------------------------------------------------

      Code (inc. data)   RO Data    RW Data    ZI Data      Debug   Library Member Name

       174          0          0          0          0       2571   arm_bitreversal.o
      2884          0          0          0          0       6486   arm_cfft_radix4_f32.o
       124          0          0          0          0       1574   arm_cfft_radix4_init_f32.o
       232          0          0          0          0       1739   arm_cmplx_mag_f32.o
         0          0      34816          0          0       4961   arm_common_tables.o
       288          0          0          0          0       1362   arm_max_f32.o
        90          0          0          0          0          0   __dczerorl2.o
         8          0          0          0          0         68   __main.o
       352          0          0          0          0         88   __printf_ss_wp.o
        14          0          0          0          0         68   __printf_wp.o
         0          0          0          0          0          0   __rtentry.o
        12          0          0          0          0          0   __rtentry2.o
         6          0          0          0          0          0   __rtentry4.o
        52          8          0          0          0          0   __scatter.o
        28          0          0          0          0          0   __scatter_zi.o
        48          6          0          0          0         96   _printf_char_common.o
         6          0          0          0          0          0   _printf_f.o
      1050          0          0          0          0        216   _printf_fp_dec.o
       128         16          0          0          0         84   _printf_fp_infnan.o
         0          0          0          0          0          0   _printf_percent.o
         4          0          0          0          0          0   _printf_percent_end.o
        22          0          0          0          0        100   _rserrno.o
        10          0          0          0          0         68   _sputc.o
       220          4        148          0          0         96   bigflt0.o
      1910        128          0          0          0        672   btod.o
        12          0          0          0          0         72   exit.o
         6          0          0          0          0        152   heapauxi.o
         0          0          0          0          0          0   indicate_semi.o
        44         10         28          0          0         76   lc_numeric_c.o
         2          0          0          0          0          0   libinit.o
        22          0          0          0          0          0   libinit2.o
         2          0          0          0          0          0   libshutdown.o
         2          0          0          0          0          0   libshutdown2.o
         8          4          0          0         96         68   libspace.o
       138          0          0          0          0         80   lludiv10.o
       238          0          0          0          0        100   lludivv7m.o
        40          6          0          0          0         84   noretval__2sprintf.o
         8          4          0          0          0         68   rt_errno_addr_intlibspace.o
         8          4          0          0          0         68   rt_locale_intlibspace.o
        78          0          0          0          0         80   rt_memclr_w.o
         2          0          0          0          0          0   rtexit.o
        10          0          0          0          0          0   rtexit2.o
       128          0          0          0          0         68   strcmpv7m.o
        62          0          0          0          0         76   strlen.o
        12          4          0          0          0         68   sys_exit.o
        74          0          0          0          0         80   sys_stackheap_outer.o
         2          0          0          0          0         68   use_no_semi.o
        24          0          0          0          0        164   basic.o
        98          4          0          0          0        140   d2f.o
       826         16          0          0          0        492   daddsub_clz.o
       688        140          0          0          0        256   ddiv.o
        84          0          0          0          0        232   dflt_clz.o
       340         12          0          0          0        152   dmul.o
       156          4          0          0          0        140   dnaninf.o
        12          0          0          0          0        116   dretinf.o
        86          4          0          0          0        132   f2d.o
        36          0          0          0          0        232   faddsub_clz.o
        84          0          0          0          0        244   fcmp.o
        24          0          0          0          0        116   fcmpi.o
        48          4          0          0          0        132   feqf.o
        48          4          0          0          0        132   fgeqf.o
        48          4          0          0          0        132   fleqf.o
        18          0          0          0          0        116   fmul.o
       140          4          0          0          0        132   fnaninf.o
        10          0          0          0          0        116   fpinit.o
        10          0          0          0          0        116   fretinf.o
         4          0          0          0          0        116   printf1.o
         0          0          0          0          0          0   usenofp.o
       744        106        152          0          0        352   atan.o
       496         64          0          0          0        192   atan2.o
        72          8          0          0          0        372   dunder.o
        24          0          0          0          0        124   fabs.o
        48          0          0          0          0        124   fpclassify.o
       248          0          0          0          0        152   poly.o
         0          0          8          0          0          0   qnan.o
        62          0          0          0          0        136   sqrtf.o

    ----------------------------------------------------------------------
     13060        568      35152          0         96      26317   Library Totals
        22          0          0          0          0          0   (incl. Padding)

    ----------------------------------------------------------------------

      Code (inc. data)   RO Data    RW Data    ZI Data      Debug   Library Name

      3702          0      34816          0          0      18693   arm_cortexM4l_math.lib
      4858        194        176          0         96       2764   c_w.l
      2784        196          0          0          0       3408   fz_wm.l
      1694        178        160          0          0       1452   m_wm.l

    ----------------------------------------------------------------------
     13060        568      35152          0         96      26317   Library Totals

    ----------------------------------------------------------------------

==============================================================================


      Code (inc. data)   RO Data    RW Data    ZI Data      Debug   

     28540       1580      37812        584      27040    1229726   Grand Totals
     28540       1580      37812        448      27040    1229726   ELF Image Totals (compressed)
     28540       1580      37812        448          0          0   ROM Totals

==============================================================================

    Total RO  Size (Code + RO Data)                66352 (  64.80kB)
    Total RW  Size (RW Data + ZI Data)             27624 (  26.98kB)
    Total ROM Size (Code + RO Data + RW Data)      66800 (  65.23kB)

==============================================================================

